INFO:phase6g:REPRODUCED 2025Q3 H1 P0 7.046714724 G2 7.113113409
INFO:phase6g:REPRODUCED 2025Q3 H2 P0 7.110014483 G2 7.181019803
INFO:phase6g:REPRODUCED 2025Q3 H3 P0 7.527101760 G2 7.596046882
INFO:phase6g:REPRODUCED 2025Q4 H1 P0 7.997711635 G2 8.026644925
INFO:phase6g:REPRODUCED 2025Q4 H2 P0 7.917081998 G2 7.954838882
INFO:phase6g:REPRODUCED 2025Q4 H3 P0 7.735079891 G2 7.761836543
INFO:phase6g:REPRODUCED 2026Q1 H1 P0 7.527806461 G2 7.555689755
INFO:phase6g:REPRODUCED 2026Q1 H2 P0 7.457877653 G2 7.490350400
INFO:phase6g:REPRODUCED 2026Q1 H3 P0 8.051921849 G2 8.098088163
INFO:phase6g:REPRODUCED 2026Q2 H1 P0 8.307222710 G2 8.372115810
INFO:phase6g:REPRODUCED 2026Q2 H2 P0 8.438278284 G2 8.526262833
INFO:phase6g:REPRODUCED 2026Q2 H3 P0 8.424720211 G2 8.499847042
INFO:phase6g:Reproduction gate PASSED; beginning earlier-origin extension
INFO:phase6g:EXTENSION 2020Q3 H1 eligible=False P0=nan G2=nan failures=S0: Fewer than 36 training months under frozen 2019 start; S1: Fewer than 36 training months under frozen 2019 start; S2: Fewer than 36 training months under frozen 2019 start; U0:
INFO:phase6g:EXTENSION 2020Q3 H2 eligible=False P0=nan G2=nan failures=S0: Fewer than 36 training months under frozen 2019 start; S1: Fewer than 36 training months under frozen 2019 start; S2: Fewer than 36 training months under frozen 2019 start; U0:
INFO:phase6g:EXTENSION 2020Q3 H3 eligible=False P0=nan G2=nan failures=S0: Fewer than 36 training months under frozen 2019 start; S1: Fewer than 36 training months under frozen 2019 start; S2: Fewer than 36 training months under frozen 2019 start; U0:
INFO:phase6g:EXTENSION 2020Q4 H1 eligible=False P0=nan G2=nan failures=S0: Fewer than 36 training months under frozen 2019 start; S1: Fewer than 36 training months under frozen 2019 start; S2: Fewer than 36 training months under frozen 2019 start; U0:
INFO:phase6g:EXTENSION 2020Q4 H2 eligible=False P0=nan G2=nan failures=S0: Fewer than 36 training months under frozen 2019 start; S1: Fewer than 36 training months under frozen 2019 start; S2: Fewer than 36 training months under frozen 2019 start; U0:
INFO:phase6g:EXTENSION 2020Q4 H3 eligible=False P0=nan G2=nan failures=S0: Fewer than 36 training months under frozen 2019 start; S1: Fewer than 36 training months under frozen 2019 start; S2: Fewer than 36 training months under frozen 2019 start; U0:
INFO:phase6g:EXTENSION 2021Q1 H1 eligible=False P0=nan G2=nan failures=S0: Fewer than 36 training months under frozen 2019 start; S1: Fewer than 36 training months under frozen 2019 start; S2: Fewer than 36 training months under frozen 2019 start; U0:
INFO:phase6g:EXTENSION 2021Q1 H2 eligible=False P0=nan G2=nan failures=S0: Fewer than 36 training months under frozen 2019 start; S1: Fewer than 36 training months under frozen 2019 start; S2: Fewer than 36 training months under frozen 2019 start; U0:
INFO:phase6g:EXTENSION 2021Q1 H3 eligible=False P0=nan G2=nan failures=S0: Fewer than 36 training months under frozen 2019 start; S1: Fewer than 36 training months under frozen 2019 start; S2: Fewer than 36 training months under frozen 2019 start; U0:
INFO:phase6g:EXTENSION 2021Q2 H1 eligible=False P0=nan G2=nan failures=S0: Fewer than 36 training months under frozen 2019 start; S1: Fewer than 36 training months under frozen 2019 start; S2: Fewer than 36 training months under frozen 2019 start; U0:
INFO:phase6g:EXTENSION 2021Q2 H2 eligible=False P0=nan G2=nan failures=S0: Fewer than 36 training months under frozen 2019 start; S1: Fewer than 36 training months under frozen 2019 start; S2: Fewer than 36 training months under frozen 2019 start; U0:
INFO:phase6g:EXTENSION 2021Q2 H3 eligible=False P0=nan G2=nan failures=S0: Fewer than 36 training months under frozen 2019 start; S1: Fewer than 36 training months under frozen 2019 start; S2: Fewer than 36 training months under frozen 2019 start; U0:
INFO:phase6g:EXTENSION 2021Q3 H1 eligible=False P0=nan G2=nan failures=S0: Fewer than 36 training months under frozen 2019 start; S1: Fewer than 36 training months under frozen 2019 start; S2: Fewer than 36 training months under frozen 2019 start; U0:
INFO:phase6g:EXTENSION 2021Q3 H2 eligible=False P0=nan G2=nan failures=S0: Fewer than 36 training months under frozen 2019 start; S1: Fewer than 36 training months under frozen 2019 start; S2: Fewer than 36 training months under frozen 2019 start; U0:
INFO:phase6g:EXTENSION 2021Q3 H3 eligible=False P0=nan G2=nan failures=S0: Fewer than 36 training months under frozen 2019 start; S1: Fewer than 36 training months under frozen 2019 start; S2: Fewer than 36 training months under frozen 2019 start; U0:
INFO:phase6g:EXTENSION 2021Q4 H1 eligible=False P0=nan G2=nan failures=S0: Fewer than 36 training months under frozen 2019 start; S1: Fewer than 36 training months under frozen 2019 start; S2: Fewer than 36 training months under frozen 2019 start; U0:
INFO:phase6g:EXTENSION 2021Q4 H2 eligible=False P0=nan G2=nan failures=S0: Fewer than 36 training months under frozen 2019 start; S1: Fewer than 36 training months under frozen 2019 start; S2: Fewer than 36 training months under frozen 2019 start; U0:
INFO:phase6g:EXTENSION 2021Q4 H3 eligible=False P0=nan G2=nan failures=S0: Fewer than 36 training months under frozen 2019 start; S1: Fewer than 36 training months under frozen 2019 start; S2: Fewer than 36 training months under frozen 2019 start; U0:
INFO:phase6g:EXTENSION 2022Q1 H1 eligible=False P0=nan G2=nan failures=S1: fewer_than_36_training_months; S2: fewer_than_36_training_months; U0: U-MIDAS unavailable: {'n_train': 13, 'coefficients': [1.8463237660798608, 0.8223210321769666, -0.486524211
INFO:phase6g:EXTENSION 2022Q1 H2 eligible=False P0=nan G2=nan failures=S1: fewer_than_36_training_months; S2: fewer_than_36_training_months; U0: U-MIDAS unavailable: {'n_train': 13, 'coefficients': [1.4731817578764403, 0.8624697589657471, 0.0819559454
INFO:phase6g:EXTENSION 2022Q1 H3 eligible=False P0=nan G2=nan failures=S1: fewer_than_36_training_months; S2: fewer_than_36_training_months; U0: U-MIDAS unavailable: {'n_train': 13, 'coefficients': [1.4911807816640819, 0.8669167396408202, -0.799237445
INFO:phase6g:EXTENSION 2022Q2 H1 eligible=False P0=nan G2=nan failures=S2: nonconvergence_or_unstable_transition:{"n_training_months": 37, "n_observed_cells": 295, "n_missing_cells": 1, "iterations": 500, "relative_likelihood_change": 3.74691359517229
INFO:phase6g:EXTENSION 2022Q2 H2 eligible=False P0=nan G2=nan failures=S2: nonconvergence_or_unstable_transition:{"n_training_months": 37, "n_observed_cells": 296, "n_missing_cells": 0, "iterations": 500, "relative_likelihood_change": 3.73946714222326
INFO:phase6g:EXTENSION 2022Q2 H3 eligible=False P0=nan G2=nan failures=S2: nonconvergence_or_unstable_transition:{"n_training_months": 37, "n_observed_cells": 296, "n_missing_cells": 0, "iterations": 500, "relative_likelihood_change": 3.73946714222326
INFO:phase6g:EXTENSION 2022Q3 H1 eligible=False P0=5.861206714536818 G2=nan failures=S2: nonconvergence_or_unstable_transition:{"n_training_months": 40, "n_observed_cells": 319, "n_missing_cells": 1, "iterations": 500, "relative_likelihood_change": 3.19607534348838
INFO:phase6g:EXTENSION 2022Q3 H2 eligible=True P0=5.745448373088944 G2=6.443154375567657 failures=
INFO:phase6g:EXTENSION 2022Q3 H3 eligible=True P0=6.001933017811387 G2=6.341271348900106 failures=
INFO:phase6g:EXTENSION 2022Q4 H1 eligible=False P0=nan G2=nan failures=S0: nonconvergence_or_unstable_transition:{"n_training_months": 45, "n_observed_cells": 359, "n_missing_cells": 1, "iterations": 80, "relative_likelihood_change": 9.19512752895761e
INFO:phase6g:EXTENSION 2022Q4 H2 eligible=False P0=nan G2=nan failures=S0: nonconvergence_or_unstable_transition:{"n_training_months": 45, "n_observed_cells": 360, "n_missing_cells": 0, "iterations": 74, "relative_likelihood_change": 9.07122524083222e
INFO:phase6g:EXTENSION 2022Q4 H3 eligible=False P0=nan G2=nan failures=S0: nonconvergence_or_unstable_transition:{"n_training_months": 45, "n_observed_cells": 360, "n_missing_cells": 0, "iterations": 74, "relative_likelihood_change": 9.07122524083222e
INFO:phase6g:EXTENSION 2023Q1 H1 eligible=True P0=5.678063144338781 G2=5.933957670379831 failures=
INFO:phase6g:EXTENSION 2023Q1 H2 eligible=True P0=5.7382115188394 G2=5.898504997365881 failures=
INFO:phase6g:EXTENSION 2023Q1 H3 eligible=True P0=5.745586071441052 G2=5.900186951475002 failures=
INFO:phase6g:EXTENSION 2023Q2 H1 eligible=True P0=5.6998049451773 G2=5.740193702970987 failures=
INFO:phase6g:EXTENSION 2023Q2 H2 eligible=True P0=5.605410861997924 G2=5.664614448856022 failures=
INFO:phase6g:EXTENSION 2023Q2 H3 eligible=True P0=5.677551338090537 G2=5.748968002438639 failures=
INFO:phase6g:EXTENSION 2023Q3 H1 eligible=True P0=5.255527063463278 G2=5.283964698871438 failures=
INFO:phase6g:EXTENSION 2023Q3 H2 eligible=True P0=5.376200828752866 G2=5.379551932678901 failures=
INFO:phase6g:EXTENSION 2023Q3 H3 eligible=True P0=5.4221170214307755 G2=5.415441311290682 failures=
INFO:phase6g:EXTENSION 2023Q4 H1 eligible=True P0=5.557449729910669 G2=5.533547753734472 failures=
INFO:phase6g:EXTENSION 2023Q4 H2 eligible=True P0=5.732101633388959 G2=5.704508211082646 failures=
INFO:phase6g:EXTENSION 2023Q4 H3 eligible=True P0=5.725142664102117 G2=5.710518870105743 failures=
INFO:phase6g:EXTENSION 2024Q1 H1 eligible=True P0=5.8268119092012824 G2=5.746897416333617 failures=
INFO:phase6g:EXTENSION 2024Q1 H2 eligible=True P0=5.840193324121451 G2=5.7722430426223035 failures=
INFO:phase6g:EXTENSION 2024Q1 H3 eligible=True P0=5.877556640555534 G2=5.812143215077397 failures=
INFO:phase6g:EXTENSION 2024Q2 H1 eligible=True P0=5.933714375584215 G2=5.877830415800691 failures=
INFO:phase6g:EXTENSION 2024Q2 H2 eligible=True P0=5.917700993356705 G2=5.874205110712125 failures=
INFO:phase6g:EXTENSION 2024Q2 H3 eligible=True P0=6.097815740250912 G2=6.051687878062561 failures=
INFO:phase6g:EXTENSION 2024Q3 H1 eligible=True P0=6.4210271289827485 G2=6.401973182305052 failures=
INFO:phase6g:EXTENSION 2024Q3 H2 eligible=True P0=6.429921822151316 G2=6.4154448422389345 failures=
INFO:phase6g:EXTENSION 2024Q3 H3 eligible=True P0=6.404246383024757 G2=6.394314059699002 failures=
INFO:phase6g:EXTENSION 2024Q4 H1 eligible=True P0=6.419095614251453 G2=6.435559520644201 failures=
INFO:phase6g:EXTENSION 2024Q4 H2 eligible=True P0=6.345491998197111 G2=6.370834174831821 failures=
INFO:phase6g:EXTENSION 2024Q4 H3 eligible=True P0=6.342349009488368 G2=6.3728258120875445 failures=
INFO:phase6g:EXTENSION 2025Q1 H1 eligible=True P0=6.318413280686503 G2=6.369734440374617 failures=
INFO:phase6g:EXTENSION 2025Q1 H2 eligible=True P0=6.248960220237507 G2=6.302344786156758 failures=
INFO:phase6g:EXTENSION 2025Q1 H3 eligible=True P0=6.406102546921984 G2=6.4579348509599726 failures=
INFO:phase6g:EXTENSION 2025Q2 H1 eligible=True P0=6.66556469498506 G2=6.7162964603726865 failures=
INFO:phase6g:EXTENSION 2025Q2 H2 eligible=True P0=6.63403423683224 G2=6.677426943658867 failures=
INFO:phase6g:EXTENSION 2025Q2 H3 eligible=True P0=7.60127935329751 G2=7.647930875819183 failures=
INFO:phase6g:REPRODUCED 2025Q3 H1 P0 7.046714724 G2 7.113113409
INFO:phase6g:REPRODUCED 2025Q3 H2 P0 7.110014483 G2 7.181019803
INFO:phase6g:REPRODUCED 2025Q3 H3 P0 7.527101760 G2 7.596046882
INFO:phase6g:REPRODUCED 2025Q4 H1 P0 7.997711635 G2 8.026644925
INFO:phase6g:REPRODUCED 2025Q4 H2 P0 7.917081998 G2 7.954838882
INFO:phase6g:REPRODUCED 2025Q4 H3 P0 7.735079891 G2 7.761836543
INFO:phase6g:REPRODUCED 2026Q1 H1 P0 7.527806461 G2 7.555689755
INFO:phase6g:REPRODUCED 2026Q1 H2 P0 7.457877653 G2 7.490350400
INFO:phase6g:REPRODUCED 2026Q1 H3 P0 8.051921849 G2 8.098088163
INFO:phase6g:REPRODUCED 2026Q2 H1 P0 8.307222710 G2 8.372115810
INFO:phase6g:REPRODUCED 2026Q2 H2 P0 8.438278284 G2 8.526262833
INFO:phase6g:REPRODUCED 2026Q2 H3 P0 8.424720211 G2 8.499847042
INFO:phase6g:Reproduction gate PASSED; beginning earlier-origin extension
INFO:phase6g:EXTENSION 2020Q3 H1 eligible=False P0=nan G2=nan failures=S0: Fewer than 36 training months under frozen 2019 start; S1: Fewer than 36 training months under frozen 2019 start; S2: Fewer than 36 training months under frozen 2019 start; U0:
INFO:phase6g:EXTENSION 2020Q3 H2 eligible=False P0=nan G2=nan failures=S0: Fewer than 36 training months under frozen 2019 start; S1: Fewer than 36 training months under frozen 2019 start; S2: Fewer than 36 training months under frozen 2019 start; U0:
INFO:phase6g:EXTENSION 2020Q3 H3 eligible=False P0=nan G2=nan failures=S0: Fewer than 36 training months under frozen 2019 start; S1: Fewer than 36 training months under frozen 2019 start; S2: Fewer than 36 training months under frozen 2019 start; U0:
INFO:phase6g:EXTENSION 2020Q4 H1 eligible=False P0=nan G2=nan failures=S0: Fewer than 36 training months under frozen 2019 start; S1: Fewer than 36 training months under frozen 2019 start; S2: Fewer than 36 training months under frozen 2019 start; U0:
INFO:phase6g:EXTENSION 2020Q4 H2 eligible=False P0=nan G2=nan failures=S0: Fewer than 36 training months under frozen 2019 start; S1: Fewer than 36 training months under frozen 2019 start; S2: Fewer than 36 training months under frozen 2019 start; U0:
INFO:phase6g:EXTENSION 2020Q4 H3 eligible=False P0=nan G2=nan failures=S0: Fewer than 36 training months under frozen 2019 start; S1: Fewer than 36 training months under frozen 2019 start; S2: Fewer than 36 training months under frozen 2019 start; U0:
INFO:phase6g:EXTENSION 2021Q1 H1 eligible=False P0=nan G2=nan failures=S0: Fewer than 36 training months under frozen 2019 start; S1: Fewer than 36 training months under frozen 2019 start; S2: Fewer than 36 training months under frozen 2019 start; U0:
INFO:phase6g:EXTENSION 2021Q1 H2 eligible=False P0=nan G2=nan failures=S0: Fewer than 36 training months under frozen 2019 start; S1: Fewer than 36 training months under frozen 2019 start; S2: Fewer than 36 training months under frozen 2019 start; U0:
INFO:phase6g:EXTENSION 2021Q1 H3 eligible=False P0=nan G2=nan failures=S0: Fewer than 36 training months under frozen 2019 start; S1: Fewer than 36 training months under frozen 2019 start; S2: Fewer than 36 training months under frozen 2019 start; U0:
INFO:phase6g:EXTENSION 2021Q2 H1 eligible=False P0=nan G2=nan failures=S0: Fewer than 36 training months under frozen 2019 start; S1: Fewer than 36 training months under frozen 2019 start; S2: Fewer than 36 training months under frozen 2019 start; U0:
INFO:phase6g:EXTENSION 2021Q2 H2 eligible=False P0=nan G2=nan failures=S0: Fewer than 36 training months under frozen 2019 start; S1: Fewer than 36 training months under frozen 2019 start; S2: Fewer than 36 training months under frozen 2019 start; U0:
INFO:phase6g:EXTENSION 2021Q2 H3 eligible=False P0=nan G2=nan failures=S0: Fewer than 36 training months under frozen 2019 start; S1: Fewer than 36 training months under frozen 2019 start; S2: Fewer than 36 training months under frozen 2019 start; U0:
INFO:phase6g:EXTENSION 2021Q3 H1 eligible=False P0=nan G2=nan failures=S0: Fewer than 36 training months under frozen 2019 start; S1: Fewer than 36 training months under frozen 2019 start; S2: Fewer than 36 training months under frozen 2019 start; U0:
INFO:phase6g:EXTENSION 2021Q3 H2 eligible=False P0=nan G2=nan failures=S0: Fewer than 36 training months under frozen 2019 start; S1: Fewer than 36 training months under frozen 2019 start; S2: Fewer than 36 training months under frozen 2019 start; U0:
INFO:phase6g:EXTENSION 2021Q3 H3 eligible=False P0=nan G2=nan failures=S0: Fewer than 36 training months under frozen 2019 start; S1: Fewer than 36 training months under frozen 2019 start; S2: Fewer than 36 training months under frozen 2019 start; U0:
INFO:phase6g:EXTENSION 2021Q4 H1 eligible=False P0=nan G2=nan failures=S0: Fewer than 36 training months under frozen 2019 start; S1: Fewer than 36 training months under frozen 2019 start; S2: Fewer than 36 training months under frozen 2019 start; U0:
INFO:phase6g:EXTENSION 2021Q4 H2 eligible=False P0=nan G2=nan failures=S0: Fewer than 36 training months under frozen 2019 start; S1: Fewer than 36 training months under frozen 2019 start; S2: Fewer than 36 training months under frozen 2019 start; U0:
INFO:phase6g:EXTENSION 2021Q4 H3 eligible=False P0=nan G2=nan failures=S0: Fewer than 36 training months under frozen 2019 start; S1: Fewer than 36 training months under frozen 2019 start; S2: Fewer than 36 training months under frozen 2019 start; U0:
INFO:phase6g:EXTENSION 2022Q1 H1 eligible=False P0=nan G2=nan failures=S1: fewer_than_36_training_months; S2: fewer_than_36_training_months; U0: U-MIDAS unavailable: {'n_train': 13, 'coefficients': [1.8463237660798608, 0.8223210321769666, -0.486524211
INFO:phase6g:EXTENSION 2022Q1 H2 eligible=False P0=nan G2=nan failures=S1: fewer_than_36_training_months; S2: fewer_than_36_training_months; U0: U-MIDAS unavailable: {'n_train': 13, 'coefficients': [1.4731817578764403, 0.8624697589657471, 0.0819559454
INFO:phase6g:EXTENSION 2022Q1 H3 eligible=False P0=nan G2=nan failures=S1: fewer_than_36_training_months; S2: fewer_than_36_training_months; U0: U-MIDAS unavailable: {'n_train': 13, 'coefficients': [1.4911807816640819, 0.8669167396408202, -0.799237445
INFO:phase6g:EXTENSION 2022Q2 H1 eligible=False P0=nan G2=nan failures=S2: nonconvergence_or_unstable_transition:{"n_training_months": 37, "n_observed_cells": 295, "n_missing_cells": 1, "iterations": 500, "relative_likelihood_change": 3.74691359517229
INFO:phase6g:EXTENSION 2022Q2 H2 eligible=False P0=nan G2=nan failures=S2: nonconvergence_or_unstable_transition:{"n_training_months": 37, "n_observed_cells": 296, "n_missing_cells": 0, "iterations": 500, "relative_likelihood_change": 3.73946714222326
INFO:phase6g:EXTENSION 2022Q2 H3 eligible=False P0=nan G2=nan failures=S2: nonconvergence_or_unstable_transition:{"n_training_months": 37, "n_observed_cells": 296, "n_missing_cells": 0, "iterations": 500, "relative_likelihood_change": 3.73946714222326
INFO:phase6g:EXTENSION 2022Q3 H1 eligible=False P0=5.861206714536818 G2=nan failures=S2: nonconvergence_or_unstable_transition:{"n_training_months": 40, "n_observed_cells": 319, "n_missing_cells": 1, "iterations": 500, "relative_likelihood_change": 3.19607534348838
INFO:phase6g:EXTENSION 2022Q3 H2 eligible=True P0=5.745448373088944 G2=6.443154375567657 failures=
INFO:phase6g:EXTENSION 2022Q3 H3 eligible=True P0=6.001933017811387 G2=6.341271348900106 failures=
INFO:phase6g:EXTENSION 2022Q4 H1 eligible=False P0=nan G2=nan failures=S0: nonconvergence_or_unstable_transition:{"n_training_months": 45, "n_observed_cells": 359, "n_missing_cells": 1, "iterations": 80, "relative_likelihood_change": 9.19512752895761e
INFO:phase6g:EXTENSION 2022Q4 H2 eligible=False P0=nan G2=nan failures=S0: nonconvergence_or_unstable_transition:{"n_training_months": 45, "n_observed_cells": 360, "n_missing_cells": 0, "iterations": 74, "relative_likelihood_change": 9.07122524083222e
INFO:phase6g:EXTENSION 2022Q4 H3 eligible=False P0=nan G2=nan failures=S0: nonconvergence_or_unstable_transition:{"n_training_months": 45, "n_observed_cells": 360, "n_missing_cells": 0, "iterations": 74, "relative_likelihood_change": 9.07122524083222e
INFO:phase6g:EXTENSION 2023Q1 H1 eligible=True P0=5.678063144338781 G2=5.933957670379831 failures=
INFO:phase6g:EXTENSION 2023Q1 H2 eligible=True P0=5.7382115188394 G2=5.898504997365881 failures=
INFO:phase6g:EXTENSION 2023Q1 H3 eligible=True P0=5.745586071441052 G2=5.900186951475002 failures=
INFO:phase6g:EXTENSION 2023Q2 H1 eligible=True P0=5.6998049451773 G2=5.740193702970987 failures=
INFO:phase6g:EXTENSION 2023Q2 H2 eligible=True P0=5.605410861997924 G2=5.664614448856022 failures=
INFO:phase6g:EXTENSION 2023Q2 H3 eligible=True P0=5.677551338090537 G2=5.748968002438639 failures=
INFO:phase6g:EXTENSION 2023Q3 H1 eligible=True P0=5.255527063463278 G2=5.283964698871438 failures=
INFO:phase6g:EXTENSION 2023Q3 H2 eligible=True P0=5.376200828752866 G2=5.379551932678901 failures=
INFO:phase6g:EXTENSION 2023Q3 H3 eligible=True P0=5.4221170214307755 G2=5.415441311290682 failures=
INFO:phase6g:EXTENSION 2023Q4 H1 eligible=True P0=5.557449729910669 G2=5.533547753734472 failures=
INFO:phase6g:EXTENSION 2023Q4 H2 eligible=True P0=5.732101633388959 G2=5.704508211082646 failures=
INFO:phase6g:EXTENSION 2023Q4 H3 eligible=True P0=5.725142664102117 G2=5.710518870105743 failures=
INFO:phase6g:EXTENSION 2024Q1 H1 eligible=True P0=5.8268119092012824 G2=5.746897416333617 failures=
INFO:phase6g:EXTENSION 2024Q1 H2 eligible=True P0=5.840193324121451 G2=5.7722430426223035 failures=
INFO:phase6g:EXTENSION 2024Q1 H3 eligible=True P0=5.877556640555534 G2=5.812143215077397 failures=
INFO:phase6g:EXTENSION 2024Q2 H1 eligible=True P0=5.933714375584215 G2=5.877830415800691 failures=
INFO:phase6g:EXTENSION 2024Q2 H2 eligible=True P0=5.917700993356705 G2=5.874205110712125 failures=
INFO:phase6g:EXTENSION 2024Q2 H3 eligible=True P0=6.097815740250912 G2=6.051687878062561 failures=
INFO:phase6g:EXTENSION 2024Q3 H1 eligible=True P0=6.4210271289827485 G2=6.401973182305052 failures=
INFO:phase6g:EXTENSION 2024Q3 H2 eligible=True P0=6.429921822151316 G2=6.4154448422389345 failures=
INFO:phase6g:EXTENSION 2024Q3 H3 eligible=True P0=6.404246383024757 G2=6.394314059699002 failures=
INFO:phase6g:EXTENSION 2024Q4 H1 eligible=True P0=6.419095614251453 G2=6.435559520644201 failures=
INFO:phase6g:EXTENSION 2024Q4 H2 eligible=True P0=6.345491998197111 G2=6.370834174831821 failures=
INFO:phase6g:EXTENSION 2024Q4 H3 eligible=True P0=6.342349009488368 G2=6.3728258120875445 failures=
INFO:phase6g:EXTENSION 2025Q1 H1 eligible=True P0=6.318413280686503 G2=6.369734440374617 failures=
INFO:phase6g:EXTENSION 2025Q1 H2 eligible=True P0=6.248960220237507 G2=6.302344786156758 failures=
INFO:phase6g:EXTENSION 2025Q1 H3 eligible=True P0=6.406102546921984 G2=6.4579348509599726 failures=
INFO:phase6g:EXTENSION 2025Q2 H1 eligible=True P0=6.66556469498506 G2=6.7162964603726865 failures=
INFO:phase6g:EXTENSION 2025Q2 H2 eligible=True P0=6.63403423683224 G2=6.677426943658867 failures=
INFO:phase6g:EXTENSION 2025Q2 H3 eligible=True P0=7.60127935329751 G2=7.647930875819183 failures=
INFO:phase6g:REPRODUCED 2025Q3 H1 P0 7.046714724 G2 7.113113409
INFO:phase6g:REPRODUCED 2025Q3 H2 P0 7.110014483 G2 7.181019803
INFO:phase6g:REPRODUCED 2025Q3 H3 P0 7.527101760 G2 7.596046882
INFO:phase6g:REPRODUCED 2025Q4 H1 P0 7.997711635 G2 8.026644925
INFO:phase6g:REPRODUCED 2025Q4 H2 P0 7.917081998 G2 7.954838882
INFO:phase6g:REPRODUCED 2025Q4 H3 P0 7.735079891 G2 7.761836543
INFO:phase6g:REPRODUCED 2026Q1 H1 P0 7.527806461 G2 7.555689755
INFO:phase6g:REPRODUCED 2026Q1 H2 P0 7.457877653 G2 7.490350400
INFO:phase6g:REPRODUCED 2026Q1 H3 P0 8.051921849 G2 8.098088163
INFO:phase6g:REPRODUCED 2026Q2 H1 P0 8.307222710 G2 8.372115810
INFO:phase6g:REPRODUCED 2026Q2 H2 P0 8.438278284 G2 8.526262833
INFO:phase6g:REPRODUCED 2026Q2 H3 P0 8.424720211 G2 8.499847042
INFO:phase6g:Reproduction gate PASSED; beginning earlier-origin extension
INFO:phase6g:EXTENSION 2020Q3 H1 eligible=False P0=nan G2=nan failures=S0: Fewer than 36 training months under frozen 2019 start; S1: Fewer than 36 training months under frozen 2019 start; S2: Fewer than 36 training months under frozen 2019 start; U0:
INFO:phase6g:EXTENSION 2020Q3 H2 eligible=False P0=nan G2=nan failures=S0: Fewer than 36 training months under frozen 2019 start; S1: Fewer than 36 training months under frozen 2019 start; S2: Fewer than 36 training months under frozen 2019 start; U0:
INFO:phase6g:EXTENSION 2020Q3 H3 eligible=False P0=nan G2=nan failures=S0: Fewer than 36 training months under frozen 2019 start; S1: Fewer than 36 training months under frozen 2019 start; S2: Fewer than 36 training months under frozen 2019 start; U0:
INFO:phase6g:EXTENSION 2020Q4 H1 eligible=False P0=nan G2=nan failures=S0: Fewer than 36 training months under frozen 2019 start; S1: Fewer than 36 training months under frozen 2019 start; S2: Fewer than 36 training months under frozen 2019 start; U0:
INFO:phase6g:EXTENSION 2020Q4 H2 eligible=False P0=nan G2=nan failures=S0: Fewer than 36 training months under frozen 2019 start; S1: Fewer than 36 training months under frozen 2019 start; S2: Fewer than 36 training months under frozen 2019 start; U0:
INFO:phase6g:EXTENSION 2020Q4 H3 eligible=False P0=nan G2=nan failures=S0: Fewer than 36 training months under frozen 2019 start; S1: Fewer than 36 training months under frozen 2019 start; S2: Fewer than 36 training months under frozen 2019 start; U0:
INFO:phase6g:EXTENSION 2021Q1 H1 eligible=False P0=nan G2=nan failures=S0: Fewer than 36 training months under frozen 2019 start; S1: Fewer than 36 training months under frozen 2019 start; S2: Fewer than 36 training months under frozen 2019 start; U0:
INFO:phase6g:EXTENSION 2021Q1 H2 eligible=False P0=nan G2=nan failures=S0: Fewer than 36 training months under frozen 2019 start; S1: Fewer than 36 training months under frozen 2019 start; S2: Fewer than 36 training months under frozen 2019 start; U0:
INFO:phase6g:EXTENSION 2021Q1 H3 eligible=False P0=nan G2=nan failures=S0: Fewer than 36 training months under frozen 2019 start; S1: Fewer than 36 training months under frozen 2019 start; S2: Fewer than 36 training months under frozen 2019 start; U0:
INFO:phase6g:EXTENSION 2021Q2 H1 eligible=False P0=nan G2=nan failures=S0: Fewer than 36 training months under frozen 2019 start; S1: Fewer than 36 training months under frozen 2019 start; S2: Fewer than 36 training months under frozen 2019 start; U0:
INFO:phase6g:EXTENSION 2021Q2 H2 eligible=False P0=nan G2=nan failures=S0: Fewer than 36 training months under frozen 2019 start; S1: Fewer than 36 training months under frozen 2019 start; S2: Fewer than 36 training months under frozen 2019 start; U0:
INFO:phase6g:EXTENSION 2021Q2 H3 eligible=False P0=nan G2=nan failures=S0: Fewer than 36 training months under frozen 2019 start; S1: Fewer than 36 training months under frozen 2019 start; S2: Fewer than 36 training months under frozen 2019 start; U0:
INFO:phase6g:EXTENSION 2021Q3 H1 eligible=False P0=nan G2=nan failures=S0: Fewer than 36 training months under frozen 2019 start; S1: Fewer than 36 training months under frozen 2019 start; S2: Fewer than 36 training months under frozen 2019 start; U0:
INFO:phase6g:EXTENSION 2021Q3 H2 eligible=False P0=nan G2=nan failures=S0: Fewer than 36 training months under frozen 2019 start; S1: Fewer than 36 training months under frozen 2019 start; S2: Fewer than 36 training months under frozen 2019 start; U0:
INFO:phase6g:EXTENSION 2021Q3 H3 eligible=False P0=nan G2=nan failures=S0: Fewer than 36 training months under frozen 2019 start; S1: Fewer than 36 training months under frozen 2019 start; S2: Fewer than 36 training months under frozen 2019 start; U0:
INFO:phase6g:EXTENSION 2021Q4 H1 eligible=False P0=nan G2=nan failures=S0: Fewer than 36 training months under frozen 2019 start; S1: Fewer than 36 training months under frozen 2019 start; S2: Fewer than 36 training months under frozen 2019 start; U0:
INFO:phase6g:EXTENSION 2021Q4 H2 eligible=False P0=nan G2=nan failures=S0: Fewer than 36 training months under frozen 2019 start; S1: Fewer than 36 training months under frozen 2019 start; S2: Fewer than 36 training months under frozen 2019 start; U0:
INFO:phase6g:EXTENSION 2021Q4 H3 eligible=False P0=nan G2=nan failures=S0: Fewer than 36 training months under frozen 2019 start; S1: Fewer than 36 training months under frozen 2019 start; S2: Fewer than 36 training months under frozen 2019 start; U0:
INFO:phase6g:EXTENSION 2022Q1 H1 eligible=False P0=nan G2=nan failures=S1: fewer_than_36_training_months; S2: fewer_than_36_training_months; U0: U-MIDAS unavailable: {'n_train': 13, 'coefficients': [1.8463237660798608, 0.8223210321769666, -0.486524211
INFO:phase6g:EXTENSION 2022Q1 H2 eligible=False P0=nan G2=nan failures=S1: fewer_than_36_training_months; S2: fewer_than_36_training_months; U0: U-MIDAS unavailable: {'n_train': 13, 'coefficients': [1.4731817578764403, 0.8624697589657471, 0.0819559454
INFO:phase6g:EXTENSION 2022Q1 H3 eligible=False P0=nan G2=nan failures=S1: fewer_than_36_training_months; S2: fewer_than_36_training_months; U0: U-MIDAS unavailable: {'n_train': 13, 'coefficients': [1.4911807816640819, 0.8669167396408202, -0.799237445
INFO:phase6g:EXTENSION 2022Q2 H1 eligible=False P0=nan G2=nan failures=S2: nonconvergence_or_unstable_transition:{"n_training_months": 37, "n_observed_cells": 295, "n_missing_cells": 1, "iterations": 500, "relative_likelihood_change": 3.74691359517229
INFO:phase6g:EXTENSION 2022Q2 H2 eligible=False P0=nan G2=nan failures=S2: nonconvergence_or_unstable_transition:{"n_training_months": 37, "n_observed_cells": 296, "n_missing_cells": 0, "iterations": 500, "relative_likelihood_change": 3.73946714222326
INFO:phase6g:EXTENSION 2022Q2 H3 eligible=False P0=nan G2=nan failures=S2: nonconvergence_or_unstable_transition:{"n_training_months": 37, "n_observed_cells": 296, "n_missing_cells": 0, "iterations": 500, "relative_likelihood_change": 3.73946714222326
INFO:phase6g:EXTENSION 2022Q3 H1 eligible=False P0=5.861206714536818 G2=nan failures=S2: nonconvergence_or_unstable_transition:{"n_training_months": 40, "n_observed_cells": 319, "n_missing_cells": 1, "iterations": 500, "relative_likelihood_change": 3.19607534348838
INFO:phase6g:EXTENSION 2022Q3 H2 eligible=True P0=5.745448373088944 G2=6.443154375567657 failures=
INFO:phase6g:EXTENSION 2022Q3 H3 eligible=True P0=6.001933017811387 G2=6.341271348900106 failures=
INFO:phase6g:EXTENSION 2022Q4 H1 eligible=False P0=nan G2=nan failures=S0: nonconvergence_or_unstable_transition:{"n_training_months": 45, "n_observed_cells": 359, "n_missing_cells": 1, "iterations": 80, "relative_likelihood_change": 9.19512752895761e
INFO:phase6g:EXTENSION 2022Q4 H2 eligible=False P0=nan G2=nan failures=S0: nonconvergence_or_unstable_transition:{"n_training_months": 45, "n_observed_cells": 360, "n_missing_cells": 0, "iterations": 74, "relative_likelihood_change": 9.07122524083222e
INFO:phase6g:EXTENSION 2022Q4 H3 eligible=False P0=nan G2=nan failures=S0: nonconvergence_or_unstable_transition:{"n_training_months": 45, "n_observed_cells": 360, "n_missing_cells": 0, "iterations": 74, "relative_likelihood_change": 9.07122524083222e
INFO:phase6g:EXTENSION 2023Q1 H1 eligible=True P0=5.678063144338781 G2=5.933957670379831 failures=
INFO:phase6g:EXTENSION 2023Q1 H2 eligible=True P0=5.7382115188394 G2=5.898504997365881 failures=
INFO:phase6g:EXTENSION 2023Q1 H3 eligible=True P0=5.745586071441052 G2=5.900186951475002 failures=
INFO:phase6g:EXTENSION 2023Q2 H1 eligible=True P0=5.6998049451773 G2=5.740193702970987 failures=
INFO:phase6g:EXTENSION 2023Q2 H2 eligible=True P0=5.605410861997924 G2=5.664614448856022 failures=
INFO:phase6g:EXTENSION 2023Q2 H3 eligible=True P0=5.677551338090537 G2=5.748968002438639 failures=
INFO:phase6g:EXTENSION 2023Q3 H1 eligible=True P0=5.255527063463278 G2=5.283964698871438 failures=
INFO:phase6g:EXTENSION 2023Q3 H2 eligible=True P0=5.376200828752866 G2=5.379551932678901 failures=
INFO:phase6g:EXTENSION 2023Q3 H3 eligible=True P0=5.4221170214307755 G2=5.415441311290682 failures=
INFO:phase6g:EXTENSION 2023Q4 H1 eligible=True P0=5.557449729910669 G2=5.533547753734472 failures=
INFO:phase6g:EXTENSION 2023Q4 H2 eligible=True P0=5.732101633388959 G2=5.704508211082646 failures=
INFO:phase6g:EXTENSION 2023Q4 H3 eligible=True P0=5.725142664102117 G2=5.710518870105743 failures=
INFO:phase6g:EXTENSION 2024Q1 H1 eligible=True P0=5.8268119092012824 G2=5.746897416333617 failures=
INFO:phase6g:EXTENSION 2024Q1 H2 eligible=True P0=5.840193324121451 G2=5.7722430426223035 failures=
INFO:phase6g:EXTENSION 2024Q1 H3 eligible=True P0=5.877556640555534 G2=5.812143215077397 failures=
INFO:phase6g:EXTENSION 2024Q2 H1 eligible=True P0=5.933714375584215 G2=5.877830415800691 failures=
INFO:phase6g:EXTENSION 2024Q2 H2 eligible=True P0=5.917700993356705 G2=5.874205110712125 failures=
INFO:phase6g:EXTENSION 2024Q2 H3 eligible=True P0=6.097815740250912 G2=6.051687878062561 failures=
INFO:phase6g:EXTENSION 2024Q3 H1 eligible=True P0=6.4210271289827485 G2=6.401973182305052 failures=
INFO:phase6g:EXTENSION 2024Q3 H2 eligible=True P0=6.429921822151316 G2=6.4154448422389345 failures=
INFO:phase6g:EXTENSION 2024Q3 H3 eligible=True P0=6.404246383024757 G2=6.394314059699002 failures=
INFO:phase6g:EXTENSION 2024Q4 H1 eligible=True P0=6.419095614251453 G2=6.435559520644201 failures=
INFO:phase6g:EXTENSION 2024Q4 H2 eligible=True P0=6.345491998197111 G2=6.370834174831821 failures=
INFO:phase6g:EXTENSION 2024Q4 H3 eligible=True P0=6.342349009488368 G2=6.3728258120875445 failures=
INFO:phase6g:EXTENSION 2025Q1 H1 eligible=True P0=6.318413280686503 G2=6.369734440374617 failures=
INFO:phase6g:EXTENSION 2025Q1 H2 eligible=True P0=6.248960220237507 G2=6.302344786156758 failures=
INFO:phase6g:EXTENSION 2025Q1 H3 eligible=True P0=6.406102546921984 G2=6.4579348509599726 failures=
INFO:phase6g:EXTENSION 2025Q2 H1 eligible=True P0=6.66556469498506 G2=6.7162964603726865 failures=
INFO:phase6g:EXTENSION 2025Q2 H2 eligible=True P0=6.63403423683224 G2=6.677426943658867 failures=
INFO:phase6g:EXTENSION 2025Q2 H3 eligible=True P0=7.60127935329751 G2=7.647930875819183 failures=
