certifi==2026.7.22
charset-normalizer==3.5.1
colorama==0.4.6
et_xmlfile==2.0.0
idna==3.20
iniconfig==2.3.0
numpy==2.5.3
openpyxl==3.1.5
packaging==26.3
pandas==3.0.6
patsy==1.0.3
pluggy==1.6.0
pyarrow==25.0.1
Pygments==2.21.0
pytest==9.1.1
python-dateutil==2.9.0.post0
PyYAML==6.0.3
requests==2.34.2
scipy==1.18.1
setuptools==84.0.0
six==1.17.0
statsmodels==0.14.6
truststore==0.10.4
tzdata==2026.4
urllib3==2.8.0
-e git+file:///C:/Users/Sh.Nishonqulov/Desktop/uzbekistan_nowcast_codex_starter@73f1f1a7ff374be5500a3f7f012a6ec641605982#egg=uznowcast
