INFO:phase6g1:REPRODUCED 2022Q3 H2
INFO:phase6g1:REPRODUCED 2022Q3 H3
INFO:phase6g1:REPRODUCED 2023Q1 H1
INFO:phase6g1:REPRODUCED 2023Q1 H2
INFO:phase6g1:REPRODUCED 2023Q1 H3
INFO:phase6g1:REPRODUCED 2023Q2 H1
INFO:phase6g1:REPRODUCED 2023Q2 H2
INFO:phase6g1:REPRODUCED 2023Q2 H3
INFO:phase6g1:REPRODUCED 2023Q3 H1
INFO:phase6g1:REPRODUCED 2023Q3 H2
INFO:phase6g1:REPRODUCED 2023Q3 H3
INFO:phase6g1:REPRODUCED 2023Q4 H1
INFO:phase6g1:REPRODUCED 2023Q4 H2
INFO:phase6g1:REPRODUCED 2023Q4 H3
INFO:phase6g1:REPRODUCED 2024Q1 H1
INFO:phase6g1:REPRODUCED 2024Q1 H2
INFO:phase6g1:REPRODUCED 2024Q1 H3
INFO:phase6g1:REPRODUCED 2024Q2 H1
INFO:phase6g1:REPRODUCED 2024Q2 H2
INFO:phase6g1:REPRODUCED 2024Q2 H3
INFO:phase6g1:REPRODUCED 2024Q3 H1
INFO:phase6g1:REPRODUCED 2024Q3 H2
INFO:phase6g1:REPRODUCED 2024Q3 H3
INFO:phase6g1:REPRODUCED 2024Q4 H1
INFO:phase6g1:REPRODUCED 2024Q4 H2
INFO:phase6g1:REPRODUCED 2024Q4 H3
INFO:phase6g1:REPRODUCED 2025Q1 H1
INFO:phase6g1:REPRODUCED 2025Q1 H2
INFO:phase6g1:REPRODUCED 2025Q1 H3
INFO:phase6g1:REPRODUCED 2025Q2 H1
INFO:phase6g1:REPRODUCED 2025Q2 H2
INFO:phase6g1:REPRODUCED 2025Q2 H3
INFO:phase6g1:REPRODUCED 2025Q3 H1
INFO:phase6g1:REPRODUCED 2025Q3 H2
INFO:phase6g1:REPRODUCED 2025Q3 H3
INFO:phase6g1:REPRODUCED 2025Q4 H1
INFO:phase6g1:REPRODUCED 2025Q4 H2
INFO:phase6g1:REPRODUCED 2025Q4 H3
INFO:phase6g1:REPRODUCED 2026Q1 H1
INFO:phase6g1:REPRODUCED 2026Q1 H2
INFO:phase6g1:REPRODUCED 2026Q1 H3
INFO:phase6g1:REPRODUCED 2026Q2 H1
INFO:phase6g1:REPRODUCED 2026Q2 H2
INFO:phase6g1:REPRODUCED 2026Q2 H3
INFO:phase6g1:Current signal and complete extended-history reproduction gate PASSED
INFO:phase6g1:AUDIT 2022Q3 H2 D1=nan D3=nan
INFO:phase6g1:AUDIT 2022Q3 H3 D1=nan D3=nan
INFO:phase6g1:AUDIT 2023Q1 H1 D1=6.297228901864791 D3=nan
INFO:phase6g1:AUDIT 2023Q1 H2 D1=6.0322519225891 D3=nan
INFO:phase6g1:AUDIT 2023Q1 H3 D1=1.6471330318128563 D3=nan
INFO:phase6g1:AUDIT 2023Q2 H1 D1=6.102842691391835 D3=nan
INFO:phase6g1:AUDIT 2023Q2 H2 D1=5.932332292876045 D3=nan
INFO:phase6g1:AUDIT 2023Q2 H3 D1=6.0057950320774705 D3=nan
INFO:phase6g1:AUDIT 2023Q3 H1 D1=5.835671597688183 D3=nan
INFO:phase6g1:AUDIT 2023Q3 H2 D1=5.880655264109823 D3=nan
INFO:phase6g1:AUDIT 2023Q3 H3 D1=5.866780255071667 D3=nan
INFO:phase6g1:AUDIT 2023Q4 H1 D1=5.904460536027505 D3=nan
INFO:phase6g1:AUDIT 2023Q4 H2 D1=5.790710185952818 D3=nan
INFO:phase6g1:AUDIT 2023Q4 H3 D1=5.732113281132229 D3=nan
INFO:phase6g1:AUDIT 2024Q1 H1 D1=5.8690541039695745 D3=nan
INFO:phase6g1:AUDIT 2024Q1 H2 D1=5.970305805228721 D3=nan
INFO:phase6g1:AUDIT 2024Q1 H3 D1=6.014210801429763 D3=nan
INFO:phase6g1:AUDIT 2024Q2 H1 D1=6.024073444248694 D3=nan
INFO:phase6g1:AUDIT 2024Q2 H2 D1=6.18619733765172 D3=nan
INFO:phase6g1:AUDIT 2024Q2 H3 D1=6.091064436118931 D3=nan
INFO:phase6g1:AUDIT 2024Q3 H1 D1=6.14939646385155 D3=nan
INFO:phase6g1:AUDIT 2024Q3 H2 D1=5.929726156197477 D3=nan
INFO:phase6g1:AUDIT 2024Q3 H3 D1=5.922107594287677 D3=nan
INFO:phase6g1:AUDIT 2024Q4 H1 D1=6.026108731968748 D3=nan
INFO:phase6g1:AUDIT 2024Q4 H2 D1=6.02991225680258 D3=nan
INFO:phase6g1:AUDIT 2024Q4 H3 D1=6.035906971888393 D3=nan
INFO:phase6g1:AUDIT 2025Q1 H1 D1=5.930985049948204 D3=5.931270333521865
INFO:phase6g1:AUDIT 2025Q1 H2 D1=5.92102573524217 D3=5.881439973986269
INFO:phase6g1:AUDIT 2025Q1 H3 D1=5.9124648663624555 D3=5.793257629706931
INFO:phase6g1:AUDIT 2025Q2 H1 D1=6.111647631334474 D3=5.972251373832362
INFO:phase6g1:AUDIT 2025Q2 H2 D1=6.099403976165333 D3=5.899335683508352
INFO:phase6g1:AUDIT 2025Q2 H3 D1=6.096866701957628 D3=5.876592623502583
INFO:phase6g1:AUDIT 2025Q3 H1 D1=nan D3=6.352081929878809
INFO:phase6g1:AUDIT 2025Q3 H2 D1=nan D3=6.359575449426734
INFO:phase6g1:AUDIT 2025Q3 H3 D1=nan D3=6.36203196898024
INFO:phase6g1:AUDIT 2025Q4 H1 D1=nan D3=6.849279029435218
INFO:phase6g1:AUDIT 2025Q4 H2 D1=nan D3=6.849668541959739
INFO:phase6g1:AUDIT 2025Q4 H3 D1=nan D3=6.851743472441602
INFO:phase6g1:AUDIT 2026Q1 H1 D1=7.2123810423198105 D3=7.143104630442076
INFO:phase6g1:AUDIT 2026Q1 H2 D1=7.165306411140904 D3=7.187572925209988
INFO:phase6g1:AUDIT 2026Q1 H3 D1=7.282265232900512 D3=7.185046920763766
INFO:phase6g1:AUDIT 2026Q2 H1 D1=8.328135460329886 D3=8.16657520764752
INFO:phase6g1:AUDIT 2026Q2 H2 D1=8.290936271974894 D3=8.150587895688345
INFO:phase6g1:AUDIT 2026Q2 H3 D1=8.33202206967051 D3=8.184991998871373
INFO:phase6g1:AUDIT 2026Q3 H3 D1=8.213181626996988 D3=8.161792633086941
INFO:phase6g1:REPRODUCED 2022Q3 H2
INFO:phase6g1:REPRODUCED 2022Q3 H3
INFO:phase6g1:REPRODUCED 2023Q1 H1
INFO:phase6g1:REPRODUCED 2023Q1 H2
INFO:phase6g1:REPRODUCED 2023Q1 H3
INFO:phase6g1:REPRODUCED 2023Q2 H1
INFO:phase6g1:REPRODUCED 2023Q2 H2
INFO:phase6g1:REPRODUCED 2023Q2 H3
INFO:phase6g1:REPRODUCED 2023Q3 H1
INFO:phase6g1:REPRODUCED 2023Q3 H2
INFO:phase6g1:REPRODUCED 2023Q3 H3
INFO:phase6g1:REPRODUCED 2023Q4 H1
INFO:phase6g1:REPRODUCED 2023Q4 H2
INFO:phase6g1:REPRODUCED 2023Q4 H3
INFO:phase6g1:REPRODUCED 2024Q1 H1
INFO:phase6g1:REPRODUCED 2024Q1 H2
INFO:phase6g1:REPRODUCED 2024Q1 H3
INFO:phase6g1:REPRODUCED 2024Q2 H1
INFO:phase6g1:REPRODUCED 2024Q2 H2
INFO:phase6g1:REPRODUCED 2024Q2 H3
INFO:phase6g1:REPRODUCED 2024Q3 H1
INFO:phase6g1:REPRODUCED 2024Q3 H2
INFO:phase6g1:REPRODUCED 2024Q3 H3
INFO:phase6g1:REPRODUCED 2024Q4 H1
INFO:phase6g1:REPRODUCED 2024Q4 H2
INFO:phase6g1:REPRODUCED 2024Q4 H3
INFO:phase6g1:REPRODUCED 2025Q1 H1
INFO:phase6g1:REPRODUCED 2025Q1 H2
INFO:phase6g1:REPRODUCED 2025Q1 H3
INFO:phase6g1:REPRODUCED 2025Q2 H1
INFO:phase6g1:REPRODUCED 2025Q2 H2
INFO:phase6g1:REPRODUCED 2025Q2 H3
INFO:phase6g1:REPRODUCED 2025Q3 H1
INFO:phase6g1:REPRODUCED 2025Q3 H2
INFO:phase6g1:REPRODUCED 2025Q3 H3
INFO:phase6g1:REPRODUCED 2025Q4 H1
INFO:phase6g1:REPRODUCED 2025Q4 H2
INFO:phase6g1:REPRODUCED 2025Q4 H3
INFO:phase6g1:REPRODUCED 2026Q1 H1
INFO:phase6g1:REPRODUCED 2026Q1 H2
INFO:phase6g1:REPRODUCED 2026Q1 H3
INFO:phase6g1:REPRODUCED 2026Q2 H1
INFO:phase6g1:REPRODUCED 2026Q2 H2
INFO:phase6g1:REPRODUCED 2026Q2 H3
INFO:phase6g1:Current signal and complete extended-history reproduction gate PASSED
INFO:phase6g1:AUDIT 2022Q3 H2 D1=nan D3=nan
INFO:phase6g1:AUDIT 2022Q3 H3 D1=nan D3=nan
INFO:phase6g1:AUDIT 2023Q1 H1 D1=6.297228901864791 D3=nan
INFO:phase6g1:AUDIT 2023Q1 H2 D1=6.0322519225891 D3=nan
INFO:phase6g1:AUDIT 2023Q1 H3 D1=1.6471330318128563 D3=nan
INFO:phase6g1:AUDIT 2023Q2 H1 D1=6.102842691391835 D3=nan
INFO:phase6g1:AUDIT 2023Q2 H2 D1=5.932332292876045 D3=nan
INFO:phase6g1:AUDIT 2023Q2 H3 D1=6.0057950320774705 D3=nan
INFO:phase6g1:AUDIT 2023Q3 H1 D1=5.835671597688183 D3=nan
INFO:phase6g1:AUDIT 2023Q3 H2 D1=5.880655264109823 D3=nan
INFO:phase6g1:AUDIT 2023Q3 H3 D1=5.866780255071667 D3=nan
INFO:phase6g1:AUDIT 2023Q4 H1 D1=5.904460536027505 D3=nan
INFO:phase6g1:AUDIT 2023Q4 H2 D1=5.790710185952818 D3=nan
INFO:phase6g1:AUDIT 2023Q4 H3 D1=5.732113281132229 D3=nan
INFO:phase6g1:AUDIT 2024Q1 H1 D1=5.8690541039695745 D3=nan
INFO:phase6g1:AUDIT 2024Q1 H2 D1=5.970305805228721 D3=nan
INFO:phase6g1:AUDIT 2024Q1 H3 D1=6.014210801429763 D3=nan
INFO:phase6g1:AUDIT 2024Q2 H1 D1=6.024073444248694 D3=nan
INFO:phase6g1:AUDIT 2024Q2 H2 D1=6.18619733765172 D3=nan
INFO:phase6g1:AUDIT 2024Q2 H3 D1=6.091064436118931 D3=nan
INFO:phase6g1:AUDIT 2024Q3 H1 D1=6.14939646385155 D3=nan
INFO:phase6g1:AUDIT 2024Q3 H2 D1=5.929726156197477 D3=nan
INFO:phase6g1:AUDIT 2024Q3 H3 D1=5.922107594287677 D3=nan
INFO:phase6g1:AUDIT 2024Q4 H1 D1=6.026108731968748 D3=nan
INFO:phase6g1:AUDIT 2024Q4 H2 D1=6.02991225680258 D3=nan
INFO:phase6g1:AUDIT 2024Q4 H3 D1=6.035906971888393 D3=nan
INFO:phase6g1:AUDIT 2025Q1 H1 D1=5.930985049948204 D3=5.931270333521865
INFO:phase6g1:AUDIT 2025Q1 H2 D1=5.92102573524217 D3=5.881439973986269
INFO:phase6g1:AUDIT 2025Q1 H3 D1=5.9124648663624555 D3=5.793257629706931
INFO:phase6g1:AUDIT 2025Q2 H1 D1=6.111647631334474 D3=5.972251373832362
INFO:phase6g1:AUDIT 2025Q2 H2 D1=6.099403976165333 D3=5.899335683508352
INFO:phase6g1:AUDIT 2025Q2 H3 D1=6.096866701957628 D3=5.876592623502583
INFO:phase6g1:AUDIT 2025Q3 H1 D1=nan D3=6.352081929878809
INFO:phase6g1:AUDIT 2025Q3 H2 D1=nan D3=6.359575449426734
INFO:phase6g1:AUDIT 2025Q3 H3 D1=nan D3=6.36203196898024
INFO:phase6g1:AUDIT 2025Q4 H1 D1=nan D3=6.849279029435218
INFO:phase6g1:AUDIT 2025Q4 H2 D1=nan D3=6.849668541959739
INFO:phase6g1:AUDIT 2025Q4 H3 D1=nan D3=6.851743472441602
INFO:phase6g1:AUDIT 2026Q1 H1 D1=7.2123810423198105 D3=7.143104630442076
INFO:phase6g1:AUDIT 2026Q1 H2 D1=7.165306411140904 D3=7.187572925209988
INFO:phase6g1:AUDIT 2026Q1 H3 D1=7.282265232900512 D3=7.185046920763766
INFO:phase6g1:AUDIT 2026Q2 H1 D1=8.328135460329886 D3=8.16657520764752
INFO:phase6g1:AUDIT 2026Q2 H2 D1=8.290936271974894 D3=8.150587895688345
INFO:phase6g1:AUDIT 2026Q2 H3 D1=8.33202206967051 D3=8.184991998871373
INFO:phase6g1:AUDIT 2026Q3 H3 D1=8.213181626996988 D3=8.161792633086941
INFO:phase6g1:REPRODUCED 2022Q3 H2
INFO:phase6g1:REPRODUCED 2022Q3 H3
INFO:phase6g1:REPRODUCED 2023Q1 H1
INFO:phase6g1:REPRODUCED 2023Q1 H2
INFO:phase6g1:REPRODUCED 2023Q1 H3
INFO:phase6g1:REPRODUCED 2023Q2 H1
INFO:phase6g1:REPRODUCED 2023Q2 H2
INFO:phase6g1:REPRODUCED 2023Q2 H3
INFO:phase6g1:REPRODUCED 2023Q3 H1
INFO:phase6g1:REPRODUCED 2023Q3 H2
INFO:phase6g1:REPRODUCED 2023Q3 H3
INFO:phase6g1:REPRODUCED 2023Q4 H1
INFO:phase6g1:REPRODUCED 2023Q4 H2
INFO:phase6g1:REPRODUCED 2023Q4 H3
INFO:phase6g1:REPRODUCED 2024Q1 H1
INFO:phase6g1:REPRODUCED 2024Q1 H2
INFO:phase6g1:REPRODUCED 2024Q1 H3
INFO:phase6g1:REPRODUCED 2024Q2 H1
INFO:phase6g1:REPRODUCED 2024Q2 H2
INFO:phase6g1:REPRODUCED 2024Q2 H3
INFO:phase6g1:REPRODUCED 2024Q3 H1
INFO:phase6g1:REPRODUCED 2024Q3 H2
INFO:phase6g1:REPRODUCED 2024Q3 H3
INFO:phase6g1:REPRODUCED 2024Q4 H1
INFO:phase6g1:REPRODUCED 2024Q4 H2
INFO:phase6g1:REPRODUCED 2024Q4 H3
INFO:phase6g1:REPRODUCED 2025Q1 H1
INFO:phase6g1:REPRODUCED 2025Q1 H2
INFO:phase6g1:REPRODUCED 2025Q1 H3
INFO:phase6g1:REPRODUCED 2025Q2 H1
INFO:phase6g1:REPRODUCED 2025Q2 H2
INFO:phase6g1:REPRODUCED 2025Q2 H3
INFO:phase6g1:REPRODUCED 2025Q3 H1
INFO:phase6g1:REPRODUCED 2025Q3 H2
INFO:phase6g1:REPRODUCED 2025Q3 H3
INFO:phase6g1:REPRODUCED 2025Q4 H1
INFO:phase6g1:REPRODUCED 2025Q4 H2
INFO:phase6g1:REPRODUCED 2025Q4 H3
INFO:phase6g1:REPRODUCED 2026Q1 H1
INFO:phase6g1:REPRODUCED 2026Q1 H2
INFO:phase6g1:REPRODUCED 2026Q1 H3
INFO:phase6g1:REPRODUCED 2026Q2 H1
INFO:phase6g1:REPRODUCED 2026Q2 H2
INFO:phase6g1:REPRODUCED 2026Q2 H3
INFO:phase6g1:Current signal and complete extended-history reproduction gate PASSED
INFO:phase6g1:AUDIT 2022Q3 H2 D1=nan D3=nan
INFO:phase6g1:AUDIT 2022Q3 H3 D1=nan D3=nan
INFO:phase6g1:AUDIT 2023Q1 H1 D1=6.297228901864791 D3=nan
INFO:phase6g1:AUDIT 2023Q1 H2 D1=6.0322519225891 D3=nan
INFO:phase6g1:AUDIT 2023Q1 H3 D1=1.6471330318128563 D3=nan
INFO:phase6g1:AUDIT 2023Q2 H1 D1=6.102842691391835 D3=nan
INFO:phase6g1:AUDIT 2023Q2 H2 D1=5.932332292876045 D3=nan
INFO:phase6g1:AUDIT 2023Q2 H3 D1=6.0057950320774705 D3=nan
INFO:phase6g1:AUDIT 2023Q3 H1 D1=5.835671597688183 D3=nan
INFO:phase6g1:AUDIT 2023Q3 H2 D1=5.880655264109823 D3=nan
INFO:phase6g1:AUDIT 2023Q3 H3 D1=5.866780255071667 D3=nan
INFO:phase6g1:AUDIT 2023Q4 H1 D1=5.904460536027505 D3=nan
INFO:phase6g1:AUDIT 2023Q4 H2 D1=5.790710185952818 D3=nan
INFO:phase6g1:AUDIT 2023Q4 H3 D1=5.732113281132229 D3=nan
INFO:phase6g1:AUDIT 2024Q1 H1 D1=5.8690541039695745 D3=nan
INFO:phase6g1:AUDIT 2024Q1 H2 D1=5.970305805228721 D3=nan
INFO:phase6g1:AUDIT 2024Q1 H3 D1=6.014210801429763 D3=nan
INFO:phase6g1:AUDIT 2024Q2 H1 D1=6.024073444248694 D3=nan
INFO:phase6g1:AUDIT 2024Q2 H2 D1=6.18619733765172 D3=nan
INFO:phase6g1:AUDIT 2024Q2 H3 D1=6.091064436118931 D3=nan
INFO:phase6g1:AUDIT 2024Q3 H1 D1=6.14939646385155 D3=nan
INFO:phase6g1:AUDIT 2024Q3 H2 D1=5.929726156197477 D3=nan
INFO:phase6g1:AUDIT 2024Q3 H3 D1=5.922107594287677 D3=nan
INFO:phase6g1:AUDIT 2024Q4 H1 D1=6.026108731968748 D3=nan
INFO:phase6g1:AUDIT 2024Q4 H2 D1=6.02991225680258 D3=nan
INFO:phase6g1:AUDIT 2024Q4 H3 D1=6.035906971888393 D3=nan
INFO:phase6g1:AUDIT 2025Q1 H1 D1=5.930985049948204 D3=5.931270333521865
INFO:phase6g1:AUDIT 2025Q1 H2 D1=5.92102573524217 D3=5.881439973986269
INFO:phase6g1:AUDIT 2025Q1 H3 D1=5.9124648663624555 D3=5.793257629706931
INFO:phase6g1:AUDIT 2025Q2 H1 D1=6.111647631334474 D3=5.972251373832362
INFO:phase6g1:AUDIT 2025Q2 H2 D1=6.099403976165333 D3=5.899335683508352
INFO:phase6g1:AUDIT 2025Q2 H3 D1=6.096866701957628 D3=5.876592623502583
INFO:phase6g1:AUDIT 2025Q3 H1 D1=nan D3=6.352081929878809
INFO:phase6g1:AUDIT 2025Q3 H2 D1=nan D3=6.359575449426734
INFO:phase6g1:AUDIT 2025Q3 H3 D1=nan D3=6.36203196898024
INFO:phase6g1:AUDIT 2025Q4 H1 D1=nan D3=6.849279029435218
INFO:phase6g1:AUDIT 2025Q4 H2 D1=nan D3=6.849668541959739
INFO:phase6g1:AUDIT 2025Q4 H3 D1=nan D3=6.851743472441602
INFO:phase6g1:AUDIT 2026Q1 H1 D1=7.2123810423198105 D3=7.143104630442076
INFO:phase6g1:AUDIT 2026Q1 H2 D1=7.165306411140904 D3=7.187572925209988
INFO:phase6g1:AUDIT 2026Q1 H3 D1=7.282265232900512 D3=7.185046920763766
INFO:phase6g1:AUDIT 2026Q2 H1 D1=8.328135460329886 D3=8.16657520764752
INFO:phase6g1:AUDIT 2026Q2 H2 D1=8.290936271974894 D3=8.150587895688345
INFO:phase6g1:AUDIT 2026Q2 H3 D1=8.33202206967051 D3=8.184991998871373
INFO:phase6g1:AUDIT 2026Q3 H3 D1=8.213181626996988 D3=8.161792633086941
INFO:phase6g1:REPRODUCED 2022Q3 H2
INFO:phase6g1:REPRODUCED 2022Q3 H3
INFO:phase6g1:REPRODUCED 2023Q1 H1
INFO:phase6g1:REPRODUCED 2023Q1 H2
INFO:phase6g1:REPRODUCED 2023Q1 H3
INFO:phase6g1:REPRODUCED 2023Q2 H1
INFO:phase6g1:REPRODUCED 2023Q2 H2
INFO:phase6g1:REPRODUCED 2023Q2 H3
INFO:phase6g1:REPRODUCED 2023Q3 H1
INFO:phase6g1:REPRODUCED 2023Q3 H2
INFO:phase6g1:REPRODUCED 2023Q3 H3
INFO:phase6g1:REPRODUCED 2023Q4 H1
INFO:phase6g1:REPRODUCED 2023Q4 H2
INFO:phase6g1:REPRODUCED 2023Q4 H3
INFO:phase6g1:REPRODUCED 2024Q1 H1
INFO:phase6g1:REPRODUCED 2024Q1 H2
INFO:phase6g1:REPRODUCED 2024Q1 H3
INFO:phase6g1:REPRODUCED 2024Q2 H1
INFO:phase6g1:REPRODUCED 2024Q2 H2
INFO:phase6g1:REPRODUCED 2024Q2 H3
INFO:phase6g1:REPRODUCED 2024Q3 H1
INFO:phase6g1:REPRODUCED 2024Q3 H2
INFO:phase6g1:REPRODUCED 2024Q3 H3
INFO:phase6g1:REPRODUCED 2024Q4 H1
INFO:phase6g1:REPRODUCED 2024Q4 H2
INFO:phase6g1:REPRODUCED 2024Q4 H3
INFO:phase6g1:REPRODUCED 2025Q1 H1
INFO:phase6g1:REPRODUCED 2025Q1 H2
INFO:phase6g1:REPRODUCED 2025Q1 H3
INFO:phase6g1:REPRODUCED 2025Q2 H1
INFO:phase6g1:REPRODUCED 2025Q2 H2
INFO:phase6g1:REPRODUCED 2025Q2 H3
INFO:phase6g1:REPRODUCED 2025Q3 H1
INFO:phase6g1:REPRODUCED 2025Q3 H2
INFO:phase6g1:REPRODUCED 2025Q3 H3
INFO:phase6g1:REPRODUCED 2025Q4 H1
INFO:phase6g1:REPRODUCED 2025Q4 H2
INFO:phase6g1:REPRODUCED 2025Q4 H3
INFO:phase6g1:REPRODUCED 2026Q1 H1
INFO:phase6g1:REPRODUCED 2026Q1 H2
INFO:phase6g1:REPRODUCED 2026Q1 H3
INFO:phase6g1:REPRODUCED 2026Q2 H1
INFO:phase6g1:REPRODUCED 2026Q2 H2
INFO:phase6g1:REPRODUCED 2026Q2 H3
INFO:phase6g1:Current signal and complete extended-history reproduction gate PASSED
INFO:phase6g1:AUDIT 2022Q3 H2 D1=nan D3=nan
INFO:phase6g1:AUDIT 2022Q3 H3 D1=nan D3=nan
INFO:phase6g1:AUDIT 2023Q1 H1 D1=6.297228901864791 D3=nan
INFO:phase6g1:AUDIT 2023Q1 H2 D1=6.0322519225891 D3=nan
INFO:phase6g1:AUDIT 2023Q1 H3 D1=1.6471330318128563 D3=nan
INFO:phase6g1:AUDIT 2023Q2 H1 D1=6.102842691391835 D3=nan
INFO:phase6g1:AUDIT 2023Q2 H2 D1=5.932332292876045 D3=nan
INFO:phase6g1:AUDIT 2023Q2 H3 D1=6.0057950320774705 D3=nan
INFO:phase6g1:AUDIT 2023Q3 H1 D1=5.835671597688183 D3=nan
INFO:phase6g1:AUDIT 2023Q3 H2 D1=5.880655264109823 D3=nan
INFO:phase6g1:AUDIT 2023Q3 H3 D1=5.866780255071667 D3=nan
INFO:phase6g1:AUDIT 2023Q4 H1 D1=5.904460536027505 D3=nan
INFO:phase6g1:AUDIT 2023Q4 H2 D1=5.790710185952818 D3=nan
INFO:phase6g1:AUDIT 2023Q4 H3 D1=5.732113281132229 D3=nan
INFO:phase6g1:AUDIT 2024Q1 H1 D1=5.8690541039695745 D3=nan
INFO:phase6g1:AUDIT 2024Q1 H2 D1=5.970305805228721 D3=nan
INFO:phase6g1:AUDIT 2024Q1 H3 D1=6.014210801429763 D3=nan
INFO:phase6g1:AUDIT 2024Q2 H1 D1=6.024073444248694 D3=nan
INFO:phase6g1:AUDIT 2024Q2 H2 D1=6.18619733765172 D3=nan
INFO:phase6g1:AUDIT 2024Q2 H3 D1=6.091064436118931 D3=nan
INFO:phase6g1:AUDIT 2024Q3 H1 D1=6.14939646385155 D3=nan
INFO:phase6g1:AUDIT 2024Q3 H2 D1=5.929726156197477 D3=nan
INFO:phase6g1:AUDIT 2024Q3 H3 D1=5.922107594287677 D3=nan
INFO:phase6g1:AUDIT 2024Q4 H1 D1=6.026108731968748 D3=nan
INFO:phase6g1:AUDIT 2024Q4 H2 D1=6.02991225680258 D3=nan
INFO:phase6g1:AUDIT 2024Q4 H3 D1=6.035906971888393 D3=nan
INFO:phase6g1:AUDIT 2025Q1 H1 D1=5.930985049948204 D3=5.931270333521865
INFO:phase6g1:AUDIT 2025Q1 H2 D1=5.92102573524217 D3=5.881439973986269
INFO:phase6g1:AUDIT 2025Q1 H3 D1=5.9124648663624555 D3=5.793257629706931
INFO:phase6g1:AUDIT 2025Q2 H1 D1=6.111647631334474 D3=5.972251373832362
INFO:phase6g1:AUDIT 2025Q2 H2 D1=6.099403976165333 D3=5.899335683508352
INFO:phase6g1:AUDIT 2025Q2 H3 D1=6.096866701957628 D3=5.876592623502583
INFO:phase6g1:AUDIT 2025Q3 H1 D1=nan D3=6.352081929878809
INFO:phase6g1:AUDIT 2025Q3 H2 D1=nan D3=6.359575449426734
INFO:phase6g1:AUDIT 2025Q3 H3 D1=nan D3=6.36203196898024
INFO:phase6g1:AUDIT 2025Q4 H1 D1=nan D3=6.849279029435218
INFO:phase6g1:AUDIT 2025Q4 H2 D1=nan D3=6.849668541959739
INFO:phase6g1:AUDIT 2025Q4 H3 D1=nan D3=6.851743472441602
INFO:phase6g1:AUDIT 2026Q1 H1 D1=7.2123810423198105 D3=7.143104630442076
INFO:phase6g1:AUDIT 2026Q1 H2 D1=7.165306411140904 D3=7.187572925209988
INFO:phase6g1:AUDIT 2026Q1 H3 D1=7.282265232900512 D3=7.185046920763766
INFO:phase6g1:AUDIT 2026Q2 H1 D1=8.328135460329886 D3=8.16657520764752
INFO:phase6g1:AUDIT 2026Q2 H2 D1=8.290936271974894 D3=8.150587895688345
INFO:phase6g1:AUDIT 2026Q2 H3 D1=8.33202206967051 D3=8.184991998871373
INFO:phase6g1:AUDIT 2026Q3 H3 D1=8.213181626996988 D3=8.161792633086941
INFO:phase6g1:REPRODUCED 2022Q3 H2
INFO:phase6g1:REPRODUCED 2022Q3 H3
INFO:phase6g1:REPRODUCED 2023Q1 H1
INFO:phase6g1:REPRODUCED 2023Q1 H2
INFO:phase6g1:REPRODUCED 2023Q1 H3
INFO:phase6g1:REPRODUCED 2023Q2 H1
INFO:phase6g1:REPRODUCED 2023Q2 H2
INFO:phase6g1:REPRODUCED 2023Q2 H3
INFO:phase6g1:REPRODUCED 2023Q3 H1
INFO:phase6g1:REPRODUCED 2023Q3 H2
INFO:phase6g1:REPRODUCED 2023Q3 H3
INFO:phase6g1:REPRODUCED 2023Q4 H1
INFO:phase6g1:REPRODUCED 2023Q4 H2
INFO:phase6g1:REPRODUCED 2023Q4 H3
INFO:phase6g1:REPRODUCED 2024Q1 H1
INFO:phase6g1:REPRODUCED 2024Q1 H2
INFO:phase6g1:REPRODUCED 2024Q1 H3
INFO:phase6g1:REPRODUCED 2024Q2 H1
INFO:phase6g1:REPRODUCED 2024Q2 H2
INFO:phase6g1:REPRODUCED 2024Q2 H3
INFO:phase6g1:REPRODUCED 2024Q3 H1
INFO:phase6g1:REPRODUCED 2024Q3 H2
INFO:phase6g1:REPRODUCED 2024Q3 H3
INFO:phase6g1:REPRODUCED 2024Q4 H1
INFO:phase6g1:REPRODUCED 2024Q4 H2
INFO:phase6g1:REPRODUCED 2024Q4 H3
INFO:phase6g1:REPRODUCED 2025Q1 H1
INFO:phase6g1:REPRODUCED 2025Q1 H2
INFO:phase6g1:REPRODUCED 2025Q1 H3
INFO:phase6g1:REPRODUCED 2025Q2 H1
INFO:phase6g1:REPRODUCED 2025Q2 H2
INFO:phase6g1:REPRODUCED 2025Q2 H3
INFO:phase6g1:REPRODUCED 2025Q3 H1
INFO:phase6g1:REPRODUCED 2025Q3 H2
INFO:phase6g1:REPRODUCED 2025Q3 H3
INFO:phase6g1:REPRODUCED 2025Q4 H1
INFO:phase6g1:REPRODUCED 2025Q4 H2
INFO:phase6g1:REPRODUCED 2025Q4 H3
INFO:phase6g1:REPRODUCED 2026Q1 H1
INFO:phase6g1:REPRODUCED 2026Q1 H2
INFO:phase6g1:REPRODUCED 2026Q1 H3
INFO:phase6g1:REPRODUCED 2026Q2 H1
INFO:phase6g1:REPRODUCED 2026Q2 H2
INFO:phase6g1:REPRODUCED 2026Q2 H3
INFO:phase6g1:Current signal and complete extended-history reproduction gate PASSED
INFO:phase6g1:AUDIT 2022Q3 H2 D1=nan D3=nan
INFO:phase6g1:AUDIT 2022Q3 H3 D1=nan D3=nan
INFO:phase6g1:AUDIT 2023Q1 H1 D1=6.297228901864791 D3=nan
INFO:phase6g1:AUDIT 2023Q1 H2 D1=6.0322519225891 D3=nan
INFO:phase6g1:AUDIT 2023Q1 H3 D1=1.6471330318128563 D3=nan
INFO:phase6g1:AUDIT 2023Q2 H1 D1=6.102842691391835 D3=nan
INFO:phase6g1:AUDIT 2023Q2 H2 D1=5.932332292876045 D3=nan
INFO:phase6g1:AUDIT 2023Q2 H3 D1=6.0057950320774705 D3=nan
INFO:phase6g1:AUDIT 2023Q3 H1 D1=5.835671597688183 D3=nan
INFO:phase6g1:AUDIT 2023Q3 H2 D1=5.880655264109823 D3=nan
INFO:phase6g1:AUDIT 2023Q3 H3 D1=5.866780255071667 D3=nan
INFO:phase6g1:AUDIT 2023Q4 H1 D1=5.904460536027505 D3=nan
INFO:phase6g1:AUDIT 2023Q4 H2 D1=5.790710185952818 D3=nan
INFO:phase6g1:AUDIT 2023Q4 H3 D1=5.732113281132229 D3=nan
INFO:phase6g1:AUDIT 2024Q1 H1 D1=5.8690541039695745 D3=nan
INFO:phase6g1:AUDIT 2024Q1 H2 D1=5.970305805228721 D3=nan
INFO:phase6g1:AUDIT 2024Q1 H3 D1=6.014210801429763 D3=nan
INFO:phase6g1:AUDIT 2024Q2 H1 D1=6.024073444248694 D3=nan
INFO:phase6g1:AUDIT 2024Q2 H2 D1=6.18619733765172 D3=nan
INFO:phase6g1:AUDIT 2024Q2 H3 D1=6.091064436118931 D3=nan
INFO:phase6g1:AUDIT 2024Q3 H1 D1=6.14939646385155 D3=nan
INFO:phase6g1:AUDIT 2024Q3 H2 D1=5.929726156197477 D3=nan
INFO:phase6g1:AUDIT 2024Q3 H3 D1=5.922107594287677 D3=nan
INFO:phase6g1:AUDIT 2024Q4 H1 D1=6.026108731968748 D3=nan
INFO:phase6g1:AUDIT 2024Q4 H2 D1=6.02991225680258 D3=nan
INFO:phase6g1:AUDIT 2024Q4 H3 D1=6.035906971888393 D3=nan
INFO:phase6g1:AUDIT 2025Q1 H1 D1=5.930985049948204 D3=5.931270333521865
INFO:phase6g1:AUDIT 2025Q1 H2 D1=5.92102573524217 D3=5.881439973986269
INFO:phase6g1:AUDIT 2025Q1 H3 D1=5.9124648663624555 D3=5.793257629706931
INFO:phase6g1:AUDIT 2025Q2 H1 D1=6.111647631334474 D3=5.972251373832362
INFO:phase6g1:AUDIT 2025Q2 H2 D1=6.099403976165333 D3=5.899335683508352
INFO:phase6g1:AUDIT 2025Q2 H3 D1=6.096866701957628 D3=5.876592623502583
INFO:phase6g1:AUDIT 2025Q3 H1 D1=nan D3=6.352081929878809
INFO:phase6g1:AUDIT 2025Q3 H2 D1=nan D3=6.359575449426734
INFO:phase6g1:AUDIT 2025Q3 H3 D1=nan D3=6.36203196898024
INFO:phase6g1:AUDIT 2025Q4 H1 D1=nan D3=6.849279029435218
INFO:phase6g1:AUDIT 2025Q4 H2 D1=nan D3=6.849668541959739
INFO:phase6g1:AUDIT 2025Q4 H3 D1=nan D3=6.851743472441602
INFO:phase6g1:AUDIT 2026Q1 H1 D1=7.2123810423198105 D3=7.143104630442076
INFO:phase6g1:AUDIT 2026Q1 H2 D1=7.165306411140904 D3=7.187572925209988
INFO:phase6g1:AUDIT 2026Q1 H3 D1=7.282265232900512 D3=7.185046920763766
INFO:phase6g1:AUDIT 2026Q2 H1 D1=8.328135460329886 D3=8.16657520764752
INFO:phase6g1:AUDIT 2026Q2 H2 D1=8.290936271974894 D3=8.150587895688345
INFO:phase6g1:AUDIT 2026Q2 H3 D1=8.33202206967051 D3=8.184991998871373
INFO:phase6g1:AUDIT 2026Q3 H3 D1=8.213181626996988 D3=8.161792633086941
