2026-10-02 14:33:28,170 INFO estimate DFM_DOMESTIC_3 2024Q1 H1 standard
2026-10-02 14:33:28,437 INFO estimate DFM_DOMESTIC_3 2024Q1 H1 conservative
2026-10-02 14:33:28,724 INFO estimate DFM_DOMESTIC_3 2024Q1 H2 standard
2026-10-02 14:33:28,928 INFO estimate DFM_DOMESTIC_3 2024Q1 H2 conservative
2026-10-02 14:33:29,134 INFO estimate DFM_DOMESTIC_3 2024Q1 H3 standard
2026-10-02 14:33:29,338 INFO estimate DFM_DOMESTIC_3 2024Q1 H3 conservative
2026-10-02 14:33:29,534 INFO estimate DFM_DOMESTIC_3 2024Q2 H1 standard
2026-10-02 14:33:29,755 INFO estimate DFM_DOMESTIC_3 2024Q2 H1 conservative
2026-10-02 14:33:29,967 INFO estimate DFM_DOMESTIC_3 2024Q2 H2 standard
2026-10-02 14:33:30,141 INFO estimate DFM_DOMESTIC_3 2024Q2 H2 conservative
2026-10-02 14:33:30,369 INFO estimate DFM_DOMESTIC_3 2024Q2 H3 standard
2026-10-02 14:33:30,595 INFO estimate DFM_DOMESTIC_3 2024Q2 H3 conservative
2026-10-02 14:33:30,801 INFO estimate DFM_DOMESTIC_3 2024Q3 H1 standard
2026-10-02 14:33:31,030 INFO estimate DFM_DOMESTIC_3 2024Q3 H1 conservative
2026-10-02 14:33:31,236 INFO estimate DFM_DOMESTIC_3 2024Q3 H2 standard
2026-10-02 14:33:31,473 INFO estimate DFM_DOMESTIC_3 2024Q3 H2 conservative
2026-10-02 14:33:31,707 INFO estimate DFM_DOMESTIC_3 2024Q3 H3 standard
2026-10-02 14:33:31,974 INFO estimate DFM_DOMESTIC_3 2024Q3 H3 conservative
2026-10-02 14:33:32,157 INFO estimate DFM_DOMESTIC_3 2024Q4 H1 standard
2026-10-02 14:33:32,341 INFO estimate DFM_DOMESTIC_3 2024Q4 H1 conservative
2026-10-02 14:33:32,537 INFO estimate DFM_DOMESTIC_3 2024Q4 H2 standard
2026-10-02 14:33:32,700 INFO estimate DFM_DOMESTIC_3 2024Q4 H2 conservative
2026-10-02 14:33:32,937 INFO estimate DFM_DOMESTIC_3 2024Q4 H3 standard
2026-10-02 14:33:33,107 INFO estimate DFM_DOMESTIC_3 2024Q4 H3 conservative
2026-10-02 14:33:33,270 INFO estimate DFM_DOMESTIC_3 2025Q1 H1 standard
2026-10-02 14:33:33,449 INFO estimate DFM_DOMESTIC_3 2025Q1 H1 conservative
2026-10-02 14:33:33,609 INFO estimate DFM_DOMESTIC_3 2025Q1 H2 standard
2026-10-02 14:33:33,794 INFO estimate DFM_DOMESTIC_3 2025Q1 H2 conservative
2026-10-02 14:33:33,976 INFO estimate DFM_DOMESTIC_3 2025Q1 H3 standard
2026-10-02 14:33:34,141 INFO estimate DFM_DOMESTIC_3 2025Q1 H3 conservative
2026-10-02 14:33:34,335 INFO estimate DFM_DOMESTIC_3 2025Q2 H1 standard
2026-10-02 14:33:34,508 INFO estimate DFM_DOMESTIC_3 2025Q2 H1 conservative
2026-10-02 14:33:34,710 INFO estimate DFM_DOMESTIC_3 2025Q2 H2 standard
2026-10-02 14:33:34,944 INFO estimate DFM_DOMESTIC_3 2025Q2 H2 conservative
2026-10-02 14:33:35,141 INFO estimate DFM_DOMESTIC_3 2025Q2 H3 standard
2026-10-02 14:33:35,329 INFO estimate DFM_DOMESTIC_3 2025Q2 H3 conservative
2026-10-02 14:33:35,511 INFO estimate DFM_DOMESTIC_3 2025Q3 H1 standard
2026-10-02 14:33:35,730 INFO estimate DFM_DOMESTIC_3 2025Q3 H1 conservative
2026-10-02 14:33:35,928 INFO estimate DFM_DOMESTIC_3 2025Q3 H2 standard
2026-10-02 14:33:36,112 INFO estimate DFM_DOMESTIC_3 2025Q3 H2 conservative
2026-10-02 14:33:36,312 INFO estimate DFM_DOMESTIC_3 2025Q3 H3 standard
2026-10-02 14:33:36,512 INFO estimate DFM_DOMESTIC_3 2025Q3 H3 conservative
2026-10-02 14:33:36,713 INFO estimate DFM_DOMESTIC_3 2025Q4 H1 standard
2026-10-02 14:33:36,946 INFO estimate DFM_DOMESTIC_3 2025Q4 H1 conservative
2026-10-02 14:33:37,146 INFO estimate DFM_DOMESTIC_3 2025Q4 H2 standard
2026-10-02 14:33:37,380 INFO estimate DFM_DOMESTIC_3 2025Q4 H2 conservative
2026-10-02 14:33:37,604 INFO estimate DFM_DOMESTIC_3 2025Q4 H3 standard
2026-10-02 14:33:37,874 INFO estimate DFM_DOMESTIC_3 2025Q4 H3 conservative
2026-10-02 14:33:38,114 INFO estimate DFM_DOMESTIC_3 2026Q1 H1 standard
2026-10-02 14:33:38,314 INFO estimate DFM_DOMESTIC_3 2026Q1 H1 conservative
2026-10-02 14:33:38,515 INFO estimate DFM_DOMESTIC_3 2026Q1 H2 standard
2026-10-02 14:33:38,732 INFO estimate DFM_DOMESTIC_3 2026Q1 H2 conservative
2026-10-02 14:33:38,943 INFO estimate DFM_DOMESTIC_3 2026Q1 H3 standard
2026-10-02 14:33:39,149 INFO estimate DFM_DOMESTIC_3 2026Q1 H3 conservative
2026-10-02 14:33:39,374 INFO estimate DFM_DOMESTIC_3 2026Q2 H1 standard
2026-10-02 14:33:39,586 INFO estimate DFM_DOMESTIC_3 2026Q2 H1 conservative
2026-10-02 14:33:39,816 INFO estimate DFM_DOMESTIC_3 2026Q2 H2 standard
2026-10-02 14:33:40,016 INFO estimate DFM_DOMESTIC_3 2026Q2 H2 conservative
2026-10-02 14:33:40,217 INFO estimate DFM_DOMESTIC_3 2026Q2 H3 standard
2026-10-02 14:33:40,417 INFO estimate DFM_DOMESTIC_3 2026Q2 H3 conservative
2026-10-02 14:33:40,884 INFO estimate DFM_DOMESTIC_3_SERVICES 2024Q1 H1 standard
2026-10-02 14:33:41,117 INFO estimate DFM_DOMESTIC_3_SERVICES 2024Q1 H1 conservative
2026-10-02 14:33:41,334 INFO estimate DFM_DOMESTIC_3_SERVICES 2024Q1 H2 standard
2026-10-02 14:33:41,602 INFO estimate DFM_DOMESTIC_3_SERVICES 2024Q1 H2 conservative
2026-10-02 14:33:41,934 INFO estimate DFM_DOMESTIC_3_SERVICES 2024Q1 H3 standard
2026-10-02 14:33:42,254 INFO estimate DFM_DOMESTIC_3_SERVICES 2024Q1 H3 conservative
2026-10-02 14:33:42,537 INFO estimate DFM_DOMESTIC_3_SERVICES 2024Q2 H1 standard
2026-10-02 14:33:42,836 INFO estimate DFM_DOMESTIC_3_SERVICES 2024Q2 H1 conservative
2026-10-02 14:33:43,103 INFO estimate DFM_DOMESTIC_3_SERVICES 2024Q2 H2 standard
2026-10-02 14:33:43,439 INFO estimate DFM_DOMESTIC_3_SERVICES 2024Q2 H2 conservative
2026-10-02 14:33:43,741 INFO estimate DFM_DOMESTIC_3_SERVICES 2024Q2 H3 standard
2026-10-02 14:33:44,037 INFO estimate DFM_DOMESTIC_3_SERVICES 2024Q2 H3 conservative
2026-10-02 14:33:44,354 INFO estimate DFM_DOMESTIC_3_SERVICES 2024Q3 H1 standard
2026-10-02 14:33:44,638 INFO estimate DFM_DOMESTIC_3_SERVICES 2024Q3 H1 conservative
2026-10-02 14:33:44,872 INFO estimate DFM_DOMESTIC_3_SERVICES 2024Q3 H2 standard
2026-10-02 14:33:45,131 INFO estimate DFM_DOMESTIC_3_SERVICES 2024Q3 H2 conservative
2026-10-02 14:33:45,372 INFO estimate DFM_DOMESTIC_3_SERVICES 2024Q3 H3 standard
2026-10-02 14:33:45,741 INFO estimate DFM_DOMESTIC_3_SERVICES 2024Q3 H3 conservative
2026-10-02 14:33:45,992 INFO estimate DFM_DOMESTIC_3_SERVICES 2024Q4 H1 standard
2026-10-02 14:33:46,223 INFO estimate DFM_DOMESTIC_3_SERVICES 2024Q4 H1 conservative
2026-10-02 14:33:46,473 INFO estimate DFM_DOMESTIC_3_SERVICES 2024Q4 H2 standard
2026-10-02 14:33:46,707 INFO estimate DFM_DOMESTIC_3_SERVICES 2024Q4 H2 conservative
2026-10-02 14:33:46,974 INFO estimate DFM_DOMESTIC_3_SERVICES 2024Q4 H3 standard
2026-10-02 14:33:47,372 INFO estimate DFM_DOMESTIC_3_SERVICES 2024Q4 H3 conservative
2026-10-02 14:33:47,626 INFO estimate DFM_DOMESTIC_3_SERVICES 2025Q1 H1 standard
2026-10-02 14:33:47,863 INFO estimate DFM_DOMESTIC_3_SERVICES 2025Q1 H1 conservative
2026-10-02 14:33:48,092 INFO estimate DFM_DOMESTIC_3_SERVICES 2025Q1 H2 standard
2026-10-02 14:33:48,342 INFO estimate DFM_DOMESTIC_3_SERVICES 2025Q1 H2 conservative
2026-10-02 14:33:48,598 INFO estimate DFM_DOMESTIC_3_SERVICES 2025Q1 H3 standard
2026-10-02 14:33:48,843 INFO estimate DFM_DOMESTIC_3_SERVICES 2025Q1 H3 conservative
2026-10-02 14:33:49,100 INFO estimate DFM_DOMESTIC_3_SERVICES 2025Q2 H1 standard
2026-10-02 14:33:49,363 INFO estimate DFM_DOMESTIC_3_SERVICES 2025Q2 H1 conservative
2026-10-02 14:33:49,605 INFO estimate DFM_DOMESTIC_3_SERVICES 2025Q2 H2 standard
2026-10-02 14:33:49,810 INFO estimate DFM_DOMESTIC_3_SERVICES 2025Q2 H2 conservative
2026-10-02 14:33:50,034 INFO estimate DFM_DOMESTIC_3_SERVICES 2025Q2 H3 standard
2026-10-02 14:33:50,278 INFO estimate DFM_DOMESTIC_3_SERVICES 2025Q2 H3 conservative
2026-10-02 14:33:50,531 INFO estimate DFM_DOMESTIC_3_SERVICES 2025Q3 H1 standard
2026-10-02 14:33:50,730 INFO estimate DFM_DOMESTIC_3_SERVICES 2025Q3 H1 conservative
2026-10-02 14:33:50,945 INFO estimate DFM_DOMESTIC_3_SERVICES 2025Q3 H2 standard
2026-10-02 14:33:51,170 INFO estimate DFM_DOMESTIC_3_SERVICES 2025Q3 H2 conservative
2026-10-02 14:33:51,400 INFO estimate DFM_DOMESTIC_3_SERVICES 2025Q3 H3 standard
2026-10-02 14:33:51,645 INFO estimate DFM_DOMESTIC_3_SERVICES 2025Q3 H3 conservative
2026-10-02 14:33:51,912 INFO estimate DFM_DOMESTIC_3_SERVICES 2025Q4 H1 standard
2026-10-02 14:33:52,163 INFO estimate DFM_DOMESTIC_3_SERVICES 2025Q4 H1 conservative
2026-10-02 14:33:52,397 INFO estimate DFM_DOMESTIC_3_SERVICES 2025Q4 H2 standard
2026-10-02 14:33:52,732 INFO estimate DFM_DOMESTIC_3_SERVICES 2025Q4 H2 conservative
2026-10-02 14:33:53,066 INFO estimate DFM_DOMESTIC_3_SERVICES 2025Q4 H3 standard
2026-10-02 14:33:53,314 INFO estimate DFM_DOMESTIC_3_SERVICES 2025Q4 H3 conservative
2026-10-02 14:33:53,646 INFO estimate DFM_DOMESTIC_3_SERVICES 2026Q1 H1 standard
2026-10-02 14:33:54,002 INFO estimate DFM_DOMESTIC_3_SERVICES 2026Q1 H1 conservative
2026-10-02 14:33:54,149 INFO estimate DFM_DOMESTIC_3_SERVICES 2026Q1 H2 standard
2026-10-02 14:33:54,349 INFO estimate DFM_DOMESTIC_3_SERVICES 2026Q1 H2 conservative
2026-10-02 14:33:54,581 INFO estimate DFM_DOMESTIC_3_SERVICES 2026Q1 H3 standard
2026-10-02 14:33:54,784 INFO estimate DFM_DOMESTIC_3_SERVICES 2026Q1 H3 conservative
2026-10-02 14:33:55,036 INFO estimate DFM_DOMESTIC_3_SERVICES 2026Q2 H1 standard
2026-10-02 14:33:55,274 INFO estimate DFM_DOMESTIC_3_SERVICES 2026Q2 H1 conservative
2026-10-02 14:33:55,588 INFO estimate DFM_DOMESTIC_3_SERVICES 2026Q2 H2 standard
2026-10-02 14:33:55,858 INFO estimate DFM_DOMESTIC_3_SERVICES 2026Q2 H2 conservative
2026-10-02 14:33:56,201 INFO estimate DFM_DOMESTIC_3_SERVICES 2026Q2 H3 standard
2026-10-02 14:33:56,468 INFO estimate DFM_DOMESTIC_3_SERVICES 2026Q2 H3 conservative
2026-10-02 14:33:57,173 INFO estimate DFM_DOMESTIC_3_SERVICES_RAW_BREAK 2024Q1 H1 standard
2026-10-02 14:33:57,398 INFO estimate DFM_DOMESTIC_3_SERVICES_RAW_BREAK 2024Q1 H1 conservative
2026-10-02 14:33:57,605 INFO estimate DFM_DOMESTIC_3_SERVICES_RAW_BREAK 2024Q1 H2 standard
2026-10-02 14:33:57,842 INFO estimate DFM_DOMESTIC_3_SERVICES_RAW_BREAK 2024Q1 H2 conservative
2026-10-02 14:33:58,070 INFO estimate DFM_DOMESTIC_3_SERVICES_RAW_BREAK 2024Q1 H3 standard
2026-10-02 14:33:58,305 INFO estimate DFM_DOMESTIC_3_SERVICES_RAW_BREAK 2024Q1 H3 conservative
2026-10-02 14:33:58,553 INFO estimate DFM_DOMESTIC_3_SERVICES_RAW_BREAK 2024Q2 H1 standard
2026-10-02 14:33:58,738 INFO estimate DFM_DOMESTIC_3_SERVICES_RAW_BREAK 2024Q2 H1 conservative
2026-10-02 14:33:58,898 INFO estimate DFM_DOMESTIC_3_SERVICES_RAW_BREAK 2024Q2 H2 standard
2026-10-02 14:33:59,104 INFO estimate DFM_DOMESTIC_3_SERVICES_RAW_BREAK 2024Q2 H2 conservative
2026-10-02 14:33:59,338 INFO estimate DFM_DOMESTIC_3_SERVICES_RAW_BREAK 2024Q2 H3 standard
2026-10-02 14:33:59,572 INFO estimate DFM_DOMESTIC_3_SERVICES_RAW_BREAK 2024Q2 H3 conservative
2026-10-02 14:33:59,822 INFO estimate DFM_DOMESTIC_3_SERVICES_RAW_BREAK 2024Q3 H1 standard
2026-10-02 14:34:00,089 INFO estimate DFM_DOMESTIC_3_SERVICES_RAW_BREAK 2024Q3 H1 conservative
2026-10-02 14:34:00,373 INFO estimate DFM_DOMESTIC_3_SERVICES_RAW_BREAK 2024Q3 H2 standard
2026-10-02 14:34:00,673 INFO estimate DFM_DOMESTIC_3_SERVICES_RAW_BREAK 2024Q3 H2 conservative
2026-10-02 14:34:01,025 INFO estimate DFM_DOMESTIC_3_SERVICES_RAW_BREAK 2024Q3 H3 standard
2026-10-02 14:34:01,303 INFO estimate DFM_DOMESTIC_3_SERVICES_RAW_BREAK 2024Q3 H3 conservative
2026-10-02 14:34:01,565 INFO estimate DFM_DOMESTIC_3_SERVICES_RAW_BREAK 2024Q4 H1 standard
2026-10-02 14:34:01,835 INFO estimate DFM_DOMESTIC_3_SERVICES_RAW_BREAK 2024Q4 H1 conservative
2026-10-02 14:34:02,103 INFO estimate DFM_DOMESTIC_3_SERVICES_RAW_BREAK 2024Q4 H2 standard
2026-10-02 14:34:02,408 INFO estimate DFM_DOMESTIC_3_SERVICES_RAW_BREAK 2024Q4 H2 conservative
2026-10-02 14:34:02,675 INFO estimate DFM_DOMESTIC_3_SERVICES_RAW_BREAK 2024Q4 H3 standard
2026-10-02 14:34:02,975 INFO estimate DFM_DOMESTIC_3_SERVICES_RAW_BREAK 2024Q4 H3 conservative
2026-10-02 14:34:03,327 INFO estimate DFM_DOMESTIC_3_SERVICES_RAW_BREAK 2025Q1 H1 standard
2026-10-02 14:34:03,576 INFO estimate DFM_DOMESTIC_3_SERVICES_RAW_BREAK 2025Q1 H1 conservative
2026-10-02 14:34:03,910 INFO estimate DFM_DOMESTIC_3_SERVICES_RAW_BREAK 2025Q1 H2 standard
2026-10-02 14:34:04,202 INFO estimate DFM_DOMESTIC_3_SERVICES_RAW_BREAK 2025Q1 H2 conservative
2026-10-02 14:34:04,477 INFO estimate DFM_DOMESTIC_3_SERVICES_RAW_BREAK 2025Q1 H3 standard
2026-10-02 14:34:04,735 INFO estimate DFM_DOMESTIC_3_SERVICES_RAW_BREAK 2025Q1 H3 conservative
2026-10-02 14:34:05,003 INFO estimate DFM_DOMESTIC_3_SERVICES_RAW_BREAK 2025Q2 H1 standard
2026-10-02 14:34:05,245 INFO estimate DFM_DOMESTIC_3_SERVICES_RAW_BREAK 2025Q2 H1 conservative
2026-10-02 14:34:05,545 INFO estimate DFM_DOMESTIC_3_SERVICES_RAW_BREAK 2025Q2 H2 standard
2026-10-02 14:34:05,796 INFO estimate DFM_DOMESTIC_3_SERVICES_RAW_BREAK 2025Q2 H2 conservative
2026-10-02 14:34:06,041 INFO estimate DFM_DOMESTIC_3_SERVICES_RAW_BREAK 2025Q2 H3 standard
2026-10-02 14:34:06,279 INFO estimate DFM_DOMESTIC_3_SERVICES_RAW_BREAK 2025Q2 H3 conservative
2026-10-02 14:34:06,541 INFO estimate DFM_DOMESTIC_3_SERVICES_RAW_BREAK 2025Q3 H1 standard
2026-10-02 14:34:06,801 INFO estimate DFM_DOMESTIC_3_SERVICES_RAW_BREAK 2025Q3 H1 conservative
2026-10-02 14:34:07,048 INFO estimate DFM_DOMESTIC_3_SERVICES_RAW_BREAK 2025Q3 H2 standard
2026-10-02 14:34:07,381 INFO estimate DFM_DOMESTIC_3_SERVICES_RAW_BREAK 2025Q3 H2 conservative
2026-10-02 14:34:07,681 INFO estimate DFM_DOMESTIC_3_SERVICES_RAW_BREAK 2025Q3 H3 standard
2026-10-02 14:34:08,015 INFO estimate DFM_DOMESTIC_3_SERVICES_RAW_BREAK 2025Q3 H3 conservative
2026-10-02 14:34:08,368 INFO estimate DFM_DOMESTIC_3_SERVICES_RAW_BREAK 2025Q4 H1 standard
2026-10-02 14:34:08,678 INFO estimate DFM_DOMESTIC_3_SERVICES_RAW_BREAK 2025Q4 H1 conservative
2026-10-02 14:34:08,915 INFO estimate DFM_DOMESTIC_3_SERVICES_RAW_BREAK 2025Q4 H2 standard
2026-10-02 14:34:09,201 INFO estimate DFM_DOMESTIC_3_SERVICES_RAW_BREAK 2025Q4 H2 conservative
2026-10-02 14:34:09,450 INFO estimate DFM_DOMESTIC_3_SERVICES_RAW_BREAK 2025Q4 H3 standard
2026-10-02 14:34:09,683 INFO estimate DFM_DOMESTIC_3_SERVICES_RAW_BREAK 2025Q4 H3 conservative
2026-10-02 14:34:09,978 INFO estimate DFM_DOMESTIC_3_SERVICES_RAW_BREAK 2026Q1 H1 standard
2026-10-02 14:34:10,250 INFO estimate DFM_DOMESTIC_3_SERVICES_RAW_BREAK 2026Q1 H1 conservative
2026-10-02 14:34:10,690 INFO estimate DFM_DOMESTIC_3_SERVICES_RAW_BREAK 2026Q1 H2 standard
2026-10-02 14:34:10,971 INFO estimate DFM_DOMESTIC_3_SERVICES_RAW_BREAK 2026Q1 H2 conservative
2026-10-02 14:34:11,251 INFO estimate DFM_DOMESTIC_3_SERVICES_RAW_BREAK 2026Q1 H3 standard
2026-10-02 14:34:11,619 INFO estimate DFM_DOMESTIC_3_SERVICES_RAW_BREAK 2026Q1 H3 conservative
2026-10-02 14:34:11,885 INFO estimate DFM_DOMESTIC_3_SERVICES_RAW_BREAK 2026Q2 H1 standard
2026-10-02 14:34:12,202 INFO estimate DFM_DOMESTIC_3_SERVICES_RAW_BREAK 2026Q2 H1 conservative
2026-10-02 14:34:12,564 INFO estimate DFM_DOMESTIC_3_SERVICES_RAW_BREAK 2026Q2 H2 standard
2026-10-02 14:34:12,895 INFO estimate DFM_DOMESTIC_3_SERVICES_RAW_BREAK 2026Q2 H2 conservative
2026-10-02 14:34:13,198 INFO estimate DFM_DOMESTIC_3_SERVICES_RAW_BREAK 2026Q2 H3 standard
2026-10-02 14:34:13,494 INFO estimate DFM_DOMESTIC_3_SERVICES_RAW_BREAK 2026Q2 H3 conservative
2026-10-02 14:34:14,164 INFO estimate DFM_DOMESTIC_3_IMPORTS 2024Q1 H1 standard
2026-10-02 14:34:14,391 INFO estimate DFM_DOMESTIC_3_IMPORTS 2024Q1 H1 conservative
2026-10-02 14:34:14,605 INFO estimate DFM_DOMESTIC_3_IMPORTS 2024Q1 H2 standard
2026-10-02 14:34:14,861 INFO estimate DFM_DOMESTIC_3_IMPORTS 2024Q1 H2 conservative
2026-10-02 14:34:15,072 INFO estimate DFM_DOMESTIC_3_IMPORTS 2024Q1 H3 standard
2026-10-02 14:34:15,336 INFO estimate DFM_DOMESTIC_3_IMPORTS 2024Q1 H3 conservative
2026-10-02 14:34:15,607 INFO estimate DFM_DOMESTIC_3_IMPORTS 2024Q2 H1 standard
2026-10-02 14:34:15,859 INFO estimate DFM_DOMESTIC_3_IMPORTS 2024Q2 H1 conservative
2026-10-02 14:34:16,072 INFO estimate DFM_DOMESTIC_3_IMPORTS 2024Q2 H2 standard
2026-10-02 14:34:16,273 INFO estimate DFM_DOMESTIC_3_IMPORTS 2024Q2 H2 conservative
2026-10-02 14:34:16,474 INFO estimate DFM_DOMESTIC_3_IMPORTS 2024Q2 H3 standard
2026-10-02 14:34:16,671 INFO estimate DFM_DOMESTIC_3_IMPORTS 2024Q2 H3 conservative
2026-10-02 14:34:16,841 INFO estimate DFM_DOMESTIC_3_IMPORTS 2024Q3 H1 standard
2026-10-02 14:34:17,062 INFO estimate DFM_DOMESTIC_3_IMPORTS 2024Q3 H1 conservative
2026-10-02 14:34:17,241 INFO estimate DFM_DOMESTIC_3_IMPORTS 2024Q3 H2 standard
2026-10-02 14:34:17,508 INFO estimate DFM_DOMESTIC_3_IMPORTS 2024Q3 H2 conservative
2026-10-02 14:34:17,796 INFO estimate DFM_DOMESTIC_3_IMPORTS 2024Q3 H3 standard
2026-10-02 14:34:18,058 INFO estimate DFM_DOMESTIC_3_IMPORTS 2024Q3 H3 conservative
2026-10-02 14:34:18,309 INFO estimate DFM_DOMESTIC_3_IMPORTS 2024Q4 H1 standard
2026-10-02 14:34:18,537 INFO estimate DFM_DOMESTIC_3_IMPORTS 2024Q4 H1 conservative
2026-10-02 14:34:18,807 INFO estimate DFM_DOMESTIC_3_IMPORTS 2024Q4 H2 standard
2026-10-02 14:34:19,010 INFO estimate DFM_DOMESTIC_3_IMPORTS 2024Q4 H2 conservative
2026-10-02 14:34:19,210 INFO estimate DFM_DOMESTIC_3_IMPORTS 2024Q4 H3 standard
2026-10-02 14:34:19,438 INFO estimate DFM_DOMESTIC_3_IMPORTS 2024Q4 H3 conservative
2026-10-02 14:34:19,597 INFO estimate DFM_DOMESTIC_3_IMPORTS 2025Q1 H1 standard
2026-10-02 14:34:19,811 INFO estimate DFM_DOMESTIC_3_IMPORTS 2025Q1 H1 conservative
2026-10-02 14:34:20,111 INFO estimate DFM_DOMESTIC_3_IMPORTS 2025Q1 H2 standard
2026-10-02 14:34:20,509 INFO estimate DFM_DOMESTIC_3_IMPORTS 2025Q1 H2 conservative
2026-10-02 14:34:20,835 INFO estimate DFM_DOMESTIC_3_IMPORTS 2025Q1 H3 standard
2026-10-02 14:34:21,139 INFO estimate DFM_DOMESTIC_3_IMPORTS 2025Q1 H3 conservative
2026-10-02 14:34:21,414 INFO estimate DFM_DOMESTIC_3_IMPORTS 2025Q2 H1 standard
2026-10-02 14:34:21,663 INFO estimate DFM_DOMESTIC_3_IMPORTS 2025Q2 H1 conservative
2026-10-02 14:34:21,980 INFO estimate DFM_DOMESTIC_3_IMPORTS 2025Q2 H2 standard
2026-10-02 14:34:22,280 INFO estimate DFM_DOMESTIC_3_IMPORTS 2025Q2 H2 conservative
2026-10-02 14:34:22,570 INFO estimate DFM_DOMESTIC_3_IMPORTS 2025Q2 H3 standard
2026-10-02 14:34:22,801 INFO estimate DFM_DOMESTIC_3_IMPORTS 2025Q2 H3 conservative
2026-10-02 14:34:23,014 INFO estimate DFM_DOMESTIC_3_IMPORTS 2025Q3 H1 standard
2026-10-02 14:34:23,276 INFO estimate DFM_DOMESTIC_3_IMPORTS 2025Q3 H1 conservative
2026-10-02 14:34:23,581 INFO estimate DFM_DOMESTIC_3_IMPORTS 2025Q3 H2 standard
2026-10-02 14:34:23,865 INFO estimate DFM_DOMESTIC_3_IMPORTS 2025Q3 H2 conservative
2026-10-02 14:34:24,132 INFO estimate DFM_DOMESTIC_3_IMPORTS 2025Q3 H3 standard
2026-10-02 14:34:24,382 INFO estimate DFM_DOMESTIC_3_IMPORTS 2025Q3 H3 conservative
2026-10-02 14:34:24,634 INFO estimate DFM_DOMESTIC_3_IMPORTS 2025Q4 H1 standard
2026-10-02 14:34:24,884 INFO estimate DFM_DOMESTIC_3_IMPORTS 2025Q4 H1 conservative
2026-10-02 14:34:25,167 INFO estimate DFM_DOMESTIC_3_IMPORTS 2025Q4 H2 standard
2026-10-02 14:34:25,517 INFO estimate DFM_DOMESTIC_3_IMPORTS 2025Q4 H2 conservative
2026-10-02 14:34:25,810 INFO estimate DFM_DOMESTIC_3_IMPORTS 2025Q4 H3 standard
2026-10-02 14:34:26,051 INFO estimate DFM_DOMESTIC_3_IMPORTS 2025Q4 H3 conservative
2026-10-02 14:34:26,285 INFO estimate DFM_DOMESTIC_3_IMPORTS 2026Q1 H1 standard
2026-10-02 14:34:26,528 INFO estimate DFM_DOMESTIC_3_IMPORTS 2026Q1 H1 conservative
2026-10-02 14:34:26,765 INFO estimate DFM_DOMESTIC_3_IMPORTS 2026Q1 H2 standard
2026-10-02 14:34:26,969 INFO estimate DFM_DOMESTIC_3_IMPORTS 2026Q1 H2 conservative
2026-10-02 14:34:27,192 INFO estimate DFM_DOMESTIC_3_IMPORTS 2026Q1 H3 standard
2026-10-02 14:34:27,403 INFO estimate DFM_DOMESTIC_3_IMPORTS 2026Q1 H3 conservative
2026-10-02 14:34:27,604 INFO estimate DFM_DOMESTIC_3_IMPORTS 2026Q2 H1 standard
2026-10-02 14:34:27,936 INFO estimate DFM_DOMESTIC_3_IMPORTS 2026Q2 H1 conservative
2026-10-02 14:34:28,137 INFO estimate DFM_DOMESTIC_3_IMPORTS 2026Q2 H2 standard
2026-10-02 14:34:28,455 INFO estimate DFM_DOMESTIC_3_IMPORTS 2026Q2 H2 conservative
2026-10-02 14:34:28,843 INFO estimate DFM_DOMESTIC_3_IMPORTS 2026Q2 H3 standard
2026-10-02 14:34:29,163 INFO estimate DFM_DOMESTIC_3_IMPORTS 2026Q2 H3 conservative
2026-10-02 14:34:29,909 INFO estimate DFM_TWO_FACTOR_IMPORTS 2024Q1 H1 standard
2026-10-02 14:34:34,817 WARNING origin failed {'specification': 'DFM_TWO_FACTOR_IMPORTS', 'target_quarter': '2024Q1', 'horizon': 'H1', 'lag_mode': 'standard'}: NOT_ESTIMABLE_WITH_CURRENT_SAMPLE: weak_rotational_identification
2026-10-02 14:34:34,817 INFO estimate DFM_TWO_FACTOR_IMPORTS 2024Q1 H1 conservative
2026-10-02 14:34:34,817 INFO estimate DFM_TWO_FACTOR_IMPORTS 2024Q1 H2 standard
2026-10-02 14:34:34,817 INFO estimate DFM_TWO_FACTOR_IMPORTS 2024Q1 H2 conservative
2026-10-02 14:34:34,817 INFO estimate DFM_TWO_FACTOR_IMPORTS 2024Q1 H3 standard
2026-10-02 14:34:34,817 INFO estimate DFM_TWO_FACTOR_IMPORTS 2024Q1 H3 conservative
2026-10-02 14:34:34,817 INFO estimate DFM_TWO_FACTOR_IMPORTS 2024Q2 H1 standard
2026-10-02 14:34:34,817 INFO estimate DFM_TWO_FACTOR_IMPORTS 2024Q2 H1 conservative
2026-10-02 14:34:34,817 INFO estimate DFM_TWO_FACTOR_IMPORTS 2024Q2 H2 standard
2026-10-02 14:34:34,832 INFO estimate DFM_TWO_FACTOR_IMPORTS 2024Q2 H2 conservative
2026-10-02 14:34:34,833 INFO estimate DFM_TWO_FACTOR_IMPORTS 2024Q2 H3 standard
2026-10-02 14:34:34,834 INFO estimate DFM_TWO_FACTOR_IMPORTS 2024Q2 H3 conservative
2026-10-02 14:34:34,836 INFO estimate DFM_TWO_FACTOR_IMPORTS 2024Q3 H1 standard
2026-10-02 14:34:34,837 INFO estimate DFM_TWO_FACTOR_IMPORTS 2024Q3 H1 conservative
2026-10-02 14:34:34,838 INFO estimate DFM_TWO_FACTOR_IMPORTS 2024Q3 H2 standard
2026-10-02 14:34:34,839 INFO estimate DFM_TWO_FACTOR_IMPORTS 2024Q3 H2 conservative
2026-10-02 14:34:34,840 INFO estimate DFM_TWO_FACTOR_IMPORTS 2024Q3 H3 standard
2026-10-02 14:34:34,841 INFO estimate DFM_TWO_FACTOR_IMPORTS 2024Q3 H3 conservative
2026-10-02 14:34:34,842 INFO estimate DFM_TWO_FACTOR_IMPORTS 2024Q4 H1 standard
2026-10-02 14:34:34,843 INFO estimate DFM_TWO_FACTOR_IMPORTS 2024Q4 H1 conservative
2026-10-02 14:34:34,849 INFO estimate DFM_TWO_FACTOR_IMPORTS 2024Q4 H2 standard
2026-10-02 14:34:34,849 INFO estimate DFM_TWO_FACTOR_IMPORTS 2024Q4 H2 conservative
2026-10-02 14:34:34,849 INFO estimate DFM_TWO_FACTOR_IMPORTS 2024Q4 H3 standard
2026-10-02 14:34:34,849 INFO estimate DFM_TWO_FACTOR_IMPORTS 2024Q4 H3 conservative
2026-10-02 14:34:34,849 INFO estimate DFM_TWO_FACTOR_IMPORTS 2025Q1 H1 standard
2026-10-02 14:34:34,849 INFO estimate DFM_TWO_FACTOR_IMPORTS 2025Q1 H1 conservative
2026-10-02 14:34:34,849 INFO estimate DFM_TWO_FACTOR_IMPORTS 2025Q1 H2 standard
2026-10-02 14:34:34,866 INFO estimate DFM_TWO_FACTOR_IMPORTS 2025Q1 H2 conservative
2026-10-02 14:34:34,867 INFO estimate DFM_TWO_FACTOR_IMPORTS 2025Q1 H3 standard
2026-10-02 14:34:34,870 INFO estimate DFM_TWO_FACTOR_IMPORTS 2025Q1 H3 conservative
2026-10-02 14:34:34,871 INFO estimate DFM_TWO_FACTOR_IMPORTS 2025Q2 H1 standard
2026-10-02 14:34:34,872 INFO estimate DFM_TWO_FACTOR_IMPORTS 2025Q2 H1 conservative
2026-10-02 14:34:34,874 INFO estimate DFM_TWO_FACTOR_IMPORTS 2025Q2 H2 standard
2026-10-02 14:34:34,918 INFO estimate DFM_TWO_FACTOR_IMPORTS 2025Q2 H2 conservative
2026-10-02 14:34:34,918 INFO estimate DFM_TWO_FACTOR_IMPORTS 2025Q2 H3 standard
2026-10-02 14:34:34,934 INFO estimate DFM_TWO_FACTOR_IMPORTS 2025Q2 H3 conservative
2026-10-02 14:34:34,935 INFO estimate DFM_TWO_FACTOR_IMPORTS 2025Q3 H1 standard
2026-10-02 14:34:34,937 INFO estimate DFM_TWO_FACTOR_IMPORTS 2025Q3 H1 conservative
2026-10-02 14:34:34,937 INFO estimate DFM_TWO_FACTOR_IMPORTS 2025Q3 H2 standard
2026-10-02 14:34:34,938 INFO estimate DFM_TWO_FACTOR_IMPORTS 2025Q3 H2 conservative
2026-10-02 14:34:34,939 INFO estimate DFM_TWO_FACTOR_IMPORTS 2025Q3 H3 standard
2026-10-02 14:34:34,939 INFO estimate DFM_TWO_FACTOR_IMPORTS 2025Q3 H3 conservative
2026-10-02 14:34:34,940 INFO estimate DFM_TWO_FACTOR_IMPORTS 2025Q4 H1 standard
2026-10-02 14:34:34,940 INFO estimate DFM_TWO_FACTOR_IMPORTS 2025Q4 H1 conservative
2026-10-02 14:34:34,941 INFO estimate DFM_TWO_FACTOR_IMPORTS 2025Q4 H2 standard
2026-10-02 14:34:34,942 INFO estimate DFM_TWO_FACTOR_IMPORTS 2025Q4 H2 conservative
2026-10-02 14:34:34,942 INFO estimate DFM_TWO_FACTOR_IMPORTS 2025Q4 H3 standard
2026-10-02 14:34:34,951 INFO estimate DFM_TWO_FACTOR_IMPORTS 2025Q4 H3 conservative
2026-10-02 14:34:34,952 INFO estimate DFM_TWO_FACTOR_IMPORTS 2026Q1 H1 standard
2026-10-02 14:34:34,952 INFO estimate DFM_TWO_FACTOR_IMPORTS 2026Q1 H1 conservative
2026-10-02 14:34:34,952 INFO estimate DFM_TWO_FACTOR_IMPORTS 2026Q1 H2 standard
2026-10-02 14:34:34,952 INFO estimate DFM_TWO_FACTOR_IMPORTS 2026Q1 H2 conservative
2026-10-02 14:34:34,952 INFO estimate DFM_TWO_FACTOR_IMPORTS 2026Q1 H3 standard
2026-10-02 14:34:34,952 INFO estimate DFM_TWO_FACTOR_IMPORTS 2026Q1 H3 conservative
2026-10-02 14:34:34,952 INFO estimate DFM_TWO_FACTOR_IMPORTS 2026Q2 H1 standard
2026-10-02 14:34:34,952 INFO estimate DFM_TWO_FACTOR_IMPORTS 2026Q2 H1 conservative
2026-10-02 14:34:34,952 INFO estimate DFM_TWO_FACTOR_IMPORTS 2026Q2 H2 standard
2026-10-02 14:34:34,952 INFO estimate DFM_TWO_FACTOR_IMPORTS 2026Q2 H2 conservative
2026-10-02 14:34:34,952 INFO estimate DFM_TWO_FACTOR_IMPORTS 2026Q2 H3 standard
2026-10-02 14:34:34,952 INFO estimate DFM_TWO_FACTOR_IMPORTS 2026Q2 H3 conservative
2026-10-02 14:34:36,873 INFO estimate DFM_POS_HISTORICAL_ROBUSTNESS_ONLY 2024Q1 H1 standard
2026-10-02 14:34:37,251 INFO estimate DFM_POS_HISTORICAL_ROBUSTNESS_ONLY 2024Q1 H1 conservative
2026-10-02 14:34:37,637 INFO estimate DFM_POS_HISTORICAL_ROBUSTNESS_ONLY 2024Q1 H2 standard
2026-10-02 14:34:37,951 INFO estimate DFM_POS_HISTORICAL_ROBUSTNESS_ONLY 2024Q1 H2 conservative
2026-10-02 14:34:38,308 INFO estimate DFM_POS_HISTORICAL_ROBUSTNESS_ONLY 2024Q1 H3 standard
2026-10-02 14:34:38,615 INFO estimate DFM_POS_HISTORICAL_ROBUSTNESS_ONLY 2024Q1 H3 conservative
2026-10-02 14:34:38,904 INFO estimate DFM_POS_HISTORICAL_ROBUSTNESS_ONLY 2024Q2 H1 standard
2026-10-02 14:34:39,155 INFO estimate DFM_POS_HISTORICAL_ROBUSTNESS_ONLY 2024Q2 H1 conservative
2026-10-02 14:34:39,383 INFO estimate DFM_POS_HISTORICAL_ROBUSTNESS_ONLY 2024Q2 H2 standard
2026-10-02 14:34:39,549 INFO estimate DFM_POS_HISTORICAL_ROBUSTNESS_ONLY 2024Q2 H2 conservative
2026-10-02 14:34:39,735 INFO estimate DFM_POS_HISTORICAL_ROBUSTNESS_ONLY 2024Q2 H3 standard
2026-10-02 14:34:39,950 INFO estimate DFM_POS_HISTORICAL_ROBUSTNESS_ONLY 2024Q2 H3 conservative
2026-10-02 14:34:40,117 INFO estimate DFM_POS_HISTORICAL_ROBUSTNESS_ONLY 2024Q3 H1 standard
2026-10-02 14:34:40,400 INFO estimate DFM_POS_HISTORICAL_ROBUSTNESS_ONLY 2024Q3 H1 conservative
2026-10-02 14:34:40,865 INFO estimate DFM_POS_HISTORICAL_ROBUSTNESS_ONLY 2024Q3 H2 standard
2026-10-02 14:34:41,078 INFO estimate DFM_POS_HISTORICAL_ROBUSTNESS_ONLY 2024Q3 H2 conservative
2026-10-02 14:34:41,253 INFO estimate DFM_POS_HISTORICAL_ROBUSTNESS_ONLY 2024Q3 H3 standard
2026-10-02 14:34:41,413 INFO estimate DFM_POS_HISTORICAL_ROBUSTNESS_ONLY 2024Q3 H3 conservative
2026-10-02 14:34:41,593 INFO estimate DFM_POS_HISTORICAL_ROBUSTNESS_ONLY 2024Q4 H1 standard
2026-10-02 14:34:41,788 INFO estimate DFM_POS_HISTORICAL_ROBUSTNESS_ONLY 2024Q4 H1 conservative
2026-10-02 14:34:41,935 INFO estimate DFM_POS_HISTORICAL_ROBUSTNESS_ONLY 2024Q4 H2 standard
2026-10-02 14:34:42,088 INFO estimate DFM_POS_HISTORICAL_ROBUSTNESS_ONLY 2024Q4 H2 conservative
2026-10-02 14:34:42,236 INFO estimate DFM_POS_HISTORICAL_ROBUSTNESS_ONLY 2024Q4 H3 standard
2026-10-02 14:34:42,391 INFO estimate DFM_POS_HISTORICAL_ROBUSTNESS_ONLY 2024Q4 H3 conservative
2026-10-02 14:35:00,290 INFO Completed: 528 valid forecasts; 457 protected artifacts unchanged
