GDP vintages evaluated 2024Q1 H1 conservative
GDP vintages evaluated 2024Q1 H1 standard
GDP vintages evaluated 2024Q1 H2 conservative
GDP vintages evaluated 2024Q1 H2 standard
GDP vintages evaluated 2024Q1 H3 conservative
GDP vintages evaluated 2024Q1 H3 standard
GDP vintages evaluated 2024Q2 H1 conservative
GDP vintages evaluated 2024Q2 H1 standard
GDP vintages evaluated 2024Q2 H2 conservative
GDP vintages evaluated 2024Q2 H2 standard
GDP vintages evaluated 2024Q2 H3 conservative
GDP vintages evaluated 2024Q2 H3 standard
GDP vintages evaluated 2024Q3 H1 conservative
GDP vintages evaluated 2024Q3 H1 standard
GDP vintages evaluated 2024Q3 H2 conservative
GDP vintages evaluated 2024Q3 H2 standard
GDP vintages evaluated 2024Q3 H3 conservative
GDP vintages evaluated 2024Q3 H3 standard
GDP vintages evaluated 2024Q4 H1 conservative
GDP vintages evaluated 2024Q4 H1 standard
GDP vintages evaluated 2024Q4 H2 conservative
GDP vintages evaluated 2024Q4 H2 standard
GDP vintages evaluated 2024Q4 H3 conservative
GDP vintages evaluated 2024Q4 H3 standard
GDP vintages evaluated 2025Q1 H1 conservative
GDP vintages evaluated 2025Q1 H1 standard
GDP vintages evaluated 2025Q1 H2 conservative
GDP vintages evaluated 2025Q1 H2 standard
GDP vintages evaluated 2025Q1 H3 conservative
GDP vintages evaluated 2025Q1 H3 standard
GDP vintages evaluated 2025Q2 H1 conservative
GDP vintages evaluated 2025Q2 H1 standard
GDP vintages evaluated 2025Q2 H2 conservative
GDP vintages evaluated 2025Q2 H2 standard
GDP vintages evaluated 2025Q2 H3 conservative
GDP vintages evaluated 2025Q2 H3 standard
GDP vintages evaluated 2025Q3 H1 conservative
GDP vintages evaluated 2025Q3 H1 standard
GDP vintages evaluated 2025Q3 H2 conservative
GDP vintages evaluated 2025Q3 H2 standard
GDP vintages evaluated 2025Q3 H3 conservative
GDP vintages evaluated 2025Q3 H3 standard
GDP vintages evaluated 2025Q4 H1 conservative
GDP vintages evaluated 2025Q4 H1 standard
GDP vintages evaluated 2025Q4 H2 conservative
GDP vintages evaluated 2025Q4 H2 standard
GDP vintages evaluated 2025Q4 H3 conservative
GDP vintages evaluated 2025Q4 H3 standard
GDP vintages evaluated 2026Q1 H1 conservative
GDP vintages evaluated 2026Q1 H1 standard
GDP vintages evaluated 2026Q1 H2 conservative
GDP vintages evaluated 2026Q1 H2 standard
GDP vintages evaluated 2026Q1 H3 conservative
GDP vintages evaluated 2026Q1 H3 standard
GDP vintages evaluated 2026Q2 H1 conservative
GDP vintages evaluated 2026Q2 H1 standard
GDP vintages evaluated 2026Q2 H2 conservative
GDP vintages evaluated 2026Q2 H2 standard
GDP vintages evaluated 2026Q2 H3 conservative
GDP vintages evaluated 2026Q2 H3 standard
{
  "phase": "6B.2",
  "status": "RESEARCH_COMPLETED_WITH_INCOMPLETE_RELEASE_HISTORY",
  "classification": "PHASE6B2_RELEASE_HISTORY_INCOMPLETE",
  "research_only": true,
  "model_promotion": false,
  "created_at": "2026-10-02T12:00:36.968264+00:00",
  "verified_first_release_dates": 24,
  "verified_first_release_values": 24,
  "GDP_quarters": 34,
  "unresolved_first_release_quarters": [
    "2018Q1",
    "2018Q2",
    "2018Q3",
    "2018Q4",
    "2019Q1",
    "2019Q2",
    "2019Q3",
    "2019Q4",
    "2020Q1",
    "2020Q2"
  ],
  "revision_history_complete": false,
  "documented_vintage_events": 103,
  "known_first_to_master_revised_quarters": 16,
  "same_day_unknown_origins": 0,
  "H1_restored_per_timing_rule": 20,
  "matched_origins_per_timing_rule": 60,
  "factor_identity_checks": 60,
  "maximum_factor_difference": 4.987565915826053e-12,
  "protected_files": 592,
  "protected_status": "UNCHANGED",
  "inputs_sha256": {
    "data/master/gdp_quarterly.parquet": "196a8c980895163efc5fd9a25dca93523b1b25719057149a21637a2925457b51",
    "data/master/v1_monthly.parquet": "30bed04601df4010d0cf995892c8b4ac3cf211a46f61e2c8f5772e00fac30d04",
    "data/research/phase6a2/cbu_midas_monthly_panel.csv": "5e94e50cbc95fdb22ec51c539711c9ab3b68a18b9321a47cd03b968a21f94bd7",
    "scripts/research/phase6b/experiment.py": "72465bee482697d2b276a62f2be0900cc525cb195adc8fae41d95efbdf2f0243",
    "scripts/research/phase6b1/boundary.py": "8cd5b59185601081890ead6916db8c70d46979849a2190f1ced790064966cc89"
  },
  "code_sha256": {
    "scripts/research/phase6b2/collect.py": "686d7d364b045cfb97db511f657a333d030951e2f52c143987e00ecedf9952a5",
    "scripts/research/phase6b2/discover.py": "c9be0c8424d2dd8f72c4f9f8a795ca6a726a8cde37429b2d586949a0f52cef29",
    "scripts/research/phase6b2/evidence.py": "6dc6ee4bcc56b096d30c5bb783635aa9b661ba091b16bb852ca48c49961ef376",
    "scripts/research/phase6b2/factors.py": "6a24c8f1cdcbd422054be12d27f9087c3a0ca9e09b226564f463e8ed8fb88cb8",
    "scripts/research/phase6b2/follow_embeds.py": "bf1f19ccc229dfc5341f373a04db05fc95d12c83f760b831aa6bebde905f3ee1",
    "scripts/research/phase6b2/report.py": "de8302804b833c62e78d244ec9fe9f6f51387b50227677858c489d63f219487f",
    "scripts/research/phase6b2/run.py": "12ec133c34069d8d828134553070d4951f4c6c0106099047d8221f59c086999f",
    "scripts/research/phase6b2/test_vintages.py": "32dbdf20fb3a1f05957716ab9d6c8034887d3e2e03d380527105ea7df4c0183b",
    "scripts/research/phase6b2/verify.py": "c5c0687f0c653f11ccc359cc8bfaa1a2a98f9e0938fe1a09726a7797cbf5ede8",
    "scripts/research/phase6b2/vintages.py": "f25d195715001db703de6c18041096c3b56960f7f833370fa8ad592e67cb33e8"
  },
  "tests": "PENDING",
  "deterministic_rerun": "PENDING",
  "limitations": [
    "Ten early first-release dates/values unresolved; undated files not backdated.",
    "Accessor selects latest DOCUMENTED vintage, not a certified exhaustive revision history.",
    "Two suspect historical chart labels retained in ledger and excluded from model accessor.",
    "FIRST_RELEASE is primary diagnostic; LATEST_REVISED is secondary; no model selection or tuning."
  ]
}
